Archive member included to satisfy reference by file (symbol)

/home/raymond/gcc-arm-none-eabi-9-2020-q2-update/bin/../lib/gcc/arm-none-eabi/9.3.1/../../../../arm-none-eabi/lib/thumb/v7e-m+fp/hard/libc_nano.a(lib_a-exit.o)
                              /home/raymond/gcc-arm-none-eabi-9-2020-q2-update/bin/../lib/gcc/arm-none-eabi/9.3.1/../../../../arm-none-eabi/lib/thumb/v7e-m+fp/hard/crt0.o (exit)
/home/raymond/gcc-arm-none-eabi-9-2020-q2-update/bin/../lib/gcc/arm-none-eabi/9.3.1/../../../../arm-none-eabi/lib/thumb/v7e-m+fp/hard/libc_nano.a(lib_a-impure.o)
                              /home/raymond/gcc-arm-none-eabi-9-2020-q2-update/bin/../lib/gcc/arm-none-eabi/9.3.1/../../../../arm-none-eabi/lib/thumb/v7e-m+fp/hard/libc_nano.a(lib_a-exit.o) (_global_impure_ptr)
/home/raymond/gcc-arm-none-eabi-9-2020-q2-update/bin/../lib/gcc/arm-none-eabi/9.3.1/../../../../arm-none-eabi/lib/thumb/v7e-m+fp/hard/libc_nano.a(lib_a-init.o)
                              /home/raymond/gcc-arm-none-eabi-9-2020-q2-update/bin/../lib/gcc/arm-none-eabi/9.3.1/../../../../arm-none-eabi/lib/thumb/v7e-m+fp/hard/crt0.o (__libc_init_array)
/home/raymond/gcc-arm-none-eabi-9-2020-q2-update/bin/../lib/gcc/arm-none-eabi/9.3.1/../../../../arm-none-eabi/lib/thumb/v7e-m+fp/hard/libc_nano.a(lib_a-memcpy-stub.o)
                              _build/nrf52833_xxaa/nrf_memobj.c.o (memcpy)
/home/raymond/gcc-arm-none-eabi-9-2020-q2-update/bin/../lib/gcc/arm-none-eabi/9.3.1/../../../../arm-none-eabi/lib/thumb/v7e-m+fp/hard/libc_nano.a(lib_a-memset.o)
                              /home/raymond/gcc-arm-none-eabi-9-2020-q2-update/bin/../lib/gcc/arm-none-eabi/9.3.1/../../../../arm-none-eabi/lib/thumb/v7e-m+fp/hard/crt0.o (memset)
/home/raymond/gcc-arm-none-eabi-9-2020-q2-update/bin/../lib/gcc/arm-none-eabi/9.3.1/../../../../arm-none-eabi/lib/thumb/v7e-m+fp/hard/libc_nano.a(lib_a-strlen.o)
                              _build/nrf52833_xxaa/nrf_fprintf_format.c.o (strlen)
/home/raymond/gcc-arm-none-eabi-9-2020-q2-update/bin/../lib/gcc/arm-none-eabi/9.3.1/../../../../arm-none-eabi/lib/thumb/v7e-m+fp/hard/libnosys.a(_exit.o)
                              /home/raymond/gcc-arm-none-eabi-9-2020-q2-update/bin/../lib/gcc/arm-none-eabi/9.3.1/../../../../arm-none-eabi/lib/thumb/v7e-m+fp/hard/libc_nano.a(lib_a-exit.o) (_exit)

Allocating common symbols
Common symbol       size              file

nrf_drv_uart_use_easy_dma
                    0x2               _build/nrf52833_xxaa/nrf_drv_uart.c.o

Discarded input sections

 .text          0x0000000000000000        0x0 /home/raymond/gcc-arm-none-eabi-9-2020-q2-update/bin/../lib/gcc/arm-none-eabi/9.3.1/thumb/v7e-m+fp/hard/crti.o
 .data          0x0000000000000000        0x0 /home/raymond/gcc-arm-none-eabi-9-2020-q2-update/bin/../lib/gcc/arm-none-eabi/9.3.1/thumb/v7e-m+fp/hard/crti.o
 .bss           0x0000000000000000        0x0 /home/raymond/gcc-arm-none-eabi-9-2020-q2-update/bin/../lib/gcc/arm-none-eabi/9.3.1/thumb/v7e-m+fp/hard/crti.o
 .data          0x0000000000000000        0x4 /home/raymond/gcc-arm-none-eabi-9-2020-q2-update/bin/../lib/gcc/arm-none-eabi/9.3.1/thumb/v7e-m+fp/hard/crtbegin.o
 .data          0x0000000000000000        0x0 /home/raymond/gcc-arm-none-eabi-9-2020-q2-update/bin/../lib/gcc/arm-none-eabi/9.3.1/../../../../arm-none-eabi/lib/thumb/v7e-m+fp/hard/crt0.o
 .bss           0x0000000000000000        0x0 /home/raymond/gcc-arm-none-eabi-9-2020-q2-update/bin/../lib/gcc/arm-none-eabi/9.3.1/../../../../arm-none-eabi/lib/thumb/v7e-m+fp/hard/crt0.o
 .ARM.extab     0x0000000000000000        0x0 /home/raymond/gcc-arm-none-eabi-9-2020-q2-update/bin/../lib/gcc/arm-none-eabi/9.3.1/../../../../arm-none-eabi/lib/thumb/v7e-m+fp/hard/crt0.o
 .data          0x0000000000000000        0x0 _build/nrf52833_xxaa/gcc_startup_nrf52833.S.o
 .bss           0x0000000000000000        0x0 _build/nrf52833_xxaa/gcc_startup_nrf52833.S.o
 .group         0x0000000000000000        0xc _build/nrf52833_xxaa/nrf_log_frontend.c.o
 .group         0x0000000000000000        0xc _build/nrf52833_xxaa/nrf_log_frontend.c.o
 .group         0x0000000000000000        0xc _build/nrf52833_xxaa/nrf_log_frontend.c.o
 .group         0x0000000000000000        0xc _build/nrf52833_xxaa/nrf_log_frontend.c.o
 .group         0x0000000000000000        0xc _build/nrf52833_xxaa/nrf_log_frontend.c.o
 .group         0x0000000000000000        0xc _build/nrf52833_xxaa/nrf_log_frontend.c.o
 .group         0x0000000000000000        0xc _build/nrf52833_xxaa/nrf_log_frontend.c.o
 .group         0x0000000000000000        0xc _build/nrf52833_xxaa/nrf_log_frontend.c.o
 .group         0x0000000000000000        0xc _build/nrf52833_xxaa/nrf_log_frontend.c.o
 .group         0x0000000000000000        0xc _build/nrf52833_xxaa/nrf_log_frontend.c.o
 .group         0x0000000000000000        0xc _build/nrf52833_xxaa/nrf_log_frontend.c.o
 .group         0x0000000000000000        0xc _build/nrf52833_xxaa/nrf_log_frontend.c.o
[...]
Memory Configuration

Name             Origin             Length             Attributes
FLASH            0x0000000000000000 0x0000000000080000 xr
RAM              0x0000000020000000 0x0000000000020000 xrw
*default*        0x0000000000000000 0xffffffffffffffff

Linker script and memory map


.text           0x0000000000000000      0x78c
 *(.isr_vector)
 .isr_vector    0x0000000000000000      0x200 _build/nrf52833_xxaa/gcc_startup_nrf52833.S.o
                0x0000000000000000                __isr_vector
 *(.text*)
 .text          0x0000000000000200       0x40 /home/raymond/gcc-arm-none-eabi-9-2020-q2-update/bin/../lib/gcc/arm-none-eabi/9.3.1/thumb/v7e-m+fp/hard/crtbegin.o
 .text          0x0000000000000240       0x7c /home/raymond/gcc-arm-none-eabi-9-2020-q2-update/bin/../lib/gcc/arm-none-eabi/9.3.1/../../../../arm-none-eabi/lib/thumb/v7e-m+fp/hard/crt0.o
                0x0000000000000240                _stack_init
                0x0000000000000248                _mainCRTStartup
                0x0000000000000248                _start
 .text          0x00000000000002bc       0x3c _build/nrf52833_xxaa/gcc_startup_nrf52833.S.o
                0x00000000000002bc                Reset_Handler
                0x00000000000002e4                NMI_Handler
                0x00000000000002ee                SVC_Handler
                0x00000000000002f0                DebugMon_Handler
                0x00000000000002f2                PendSV_Handler
                0x00000000000002f4                SysTick_Handler
                0x00000000000002f6                TIMER2_IRQHandler
                0x00000000000002f6                RTC0_IRQHandler
                0x00000000000002f6                SWI0_EGU0_IRQHandler
                0x00000000000002f6                SWI2_EGU2_IRQHandler
                0x00000000000002f6                GPIOTE_IRQHandler
                0x00000000000002f6                PWM1_IRQHandler
                0x00000000000002f6                POWER_CLOCK_IRQHandler
                0x00000000000002f6                RADIO_IRQHandler
                0x00000000000002f6                PDM_IRQHandler
                0x00000000000002f6                TEMP_IRQHandler
                0x00000000000002f6                QDEC_IRQHandler
                0x00000000000002f6                TIMER3_IRQHandler
                0x00000000000002f6                PWM3_IRQHandler
                0x00000000000002f6                FPU_IRQHandler
                0x00000000000002f6                USBD_IRQHandler
                0x00000000000002f6                SPIM0_SPIS0_TWIM0_TWIS0_SPI0_TWI0_IRQHandler
                0x00000000000002f6                TIMER4_IRQHandler
                0x00000000000002f6                I2S_IRQHandler
                0x00000000000002f6                SWI4_EGU4_IRQHandler
                0x00000000000002f6                TIMER0_IRQHandler
                0x00000000000002f6                UARTE1_IRQHandler
                0x00000000000002f6                SPIM3_IRQHandler
                0x00000000000002f6                PWM2_IRQHandler
                0x00000000000002f6                ECB_IRQHandler
                0x00000000000002f6                SPIM1_SPIS1_TWIM1_TWIS1_SPI1_TWI1_IRQHandler
                0x00000000000002f6                Default_Handler
                0x00000000000002f6                SAADC_IRQHandler
                0x00000000000002f6                CCM_AAR_IRQHandler
                0x00000000000002f6                WDT_IRQHandler
                0x00000000000002f6                SWI5_EGU5_IRQHandler
                0x00000000000002f6                RNG_IRQHandler
                0x00000000000002f6                RTC2_IRQHandler
                0x00000000000002f6                PWM0_IRQHandler
                0x00000000000002f6                SWI3_EGU3_IRQHandler
                0x00000000000002f6                RTC1_IRQHandler
                0x00000000000002f6                SWI1_EGU1_IRQHandler
                0x00000000000002f6                SPIM2_SPIS2_SPI2_IRQHandler
                0x00000000000002f6                NFCT_IRQHandler
                0x00000000000002f6                MWU_IRQHandler
                0x00000000000002f6                COMP_LPCOMP_IRQHandler
 .text.UARTE0_UART0_IRQHandler
                0x00000000000002f8        0xc _build/nrf52833_xxaa/nrfx_prs.c.o
                0x00000000000002f8                UARTE0_UART0_IRQHandler
 .text.nrf_radio_init
                0x0000000000000304       0x98 _build/nrf52833_xxaa/main.c.o
                0x0000000000000304                nrf_radio_init
 .text.TIMER1_IRQHandler
                0x000000000000039c       0x28 _build/nrf52833_xxaa/main.c.o
                0x000000000000039c                TIMER1_IRQHandler
 .text.startup.main
                0x00000000000003c4      0x1ac _build/nrf52833_xxaa/main.c.o
                0x00000000000003c4                main
 .text.HardFault_Handler
                0x0000000000000570        0x4 _build/nrf52833_xxaa/main.c.o
                0x0000000000000570                HardFault_Handler
 .text.MemoryManagement_Handler
                0x0000000000000574        0x4 _build/nrf52833_xxaa/main.c.o
                0x0000000000000574                MemoryManagement_Handler
 .text.BusFault_Handler
                0x0000000000000578        0x4 _build/nrf52833_xxaa/main.c.o
                0x0000000000000578                BusFault_Handler
 .text.UsageFault_Handler
                0x000000000000057c        0x4 _build/nrf52833_xxaa/main.c.o
                0x000000000000057c                UsageFault_Handler
 .text.SystemInit
                0x0000000000000580      0x168 _build/nrf52833_xxaa/system_nrf52833.c.o
                0x0000000000000580                SystemInit
 .text.exit     0x00000000000006e8       0x28 /home/raymond/gcc-arm-none-eabi-9-2020-q2-update/bin/../lib/gcc/arm-none-eabi/9.3.1/../../../../arm-none-eabi/lib/thumb/v7e-m+fp/hard/libc_nano.a(lib_a-exit.o)
                0x00000000000006e8                exit
 .text.__libc_init_array
                0x0000000000000710       0x48 /home/raymond/gcc-arm-none-eabi-9-2020-q2-update/bin/../lib/gcc/arm-none-eabi/9.3.1/../../../../arm-none-eabi/lib/thumb/v7e-m+fp/hard/libc_nano.a(lib_a-init.o)
                0x0000000000000710                __libc_init_array
 .text.memset   0x0000000000000758       0x10 /home/raymond/gcc-arm-none-eabi-9-2020-q2-update/bin/../lib/gcc/arm-none-eabi/9.3.1/../../../../arm-none-eabi/lib/thumb/v7e-m+fp/hard/libc_nano.a(lib_a-memset.o)
                0x0000000000000758                memset
 .text._exit    0x0000000000000768        0x4 /home/raymond/gcc-arm-none-eabi-9-2020-q2-update/bin/../lib/gcc/arm-none-eabi/9.3.1/../../../../arm-none-eabi/lib/thumb/v7e-m+fp/hard/libnosys.a(_exit.o)
                0x0000000000000768                _exit
 *(.init)
 .init          0x000000000000076c        0x4 /home/raymond/gcc-arm-none-eabi-9-2020-q2-update/bin/../lib/gcc/arm-none-eabi/9.3.1/thumb/v7e-m+fp/hard/crti.o
                0x000000000000076c                _init
 .init          0x0000000000000770        0x8 /home/raymond/gcc-arm-none-eabi-9-2020-q2-update/bin/../lib/gcc/arm-none-eabi/9.3.1/thumb/v7e-m+fp/hard/crtn.o
 *(.fini)
 .fini          0x0000000000000778        0x4 /home/raymond/gcc-arm-none-eabi-9-2020-q2-update/bin/../lib/gcc/arm-none-eabi/9.3.1/thumb/v7e-m+fp/hard/crti.o
                0x0000000000000778                _fini
 .fini          0x000000000000077c        0x8 /home/raymond/gcc-arm-none-eabi-9-2020-q2-update/bin/../lib/gcc/arm-none-eabi/9.3.1/thumb/v7e-m+fp/hard/crtn.o
 *crtbegin.o(.ctors)
 *crtbegin?.o(.ctors)
 *(EXCLUDE_FILE(*crtend.o *crtend?.o) .ctors)
 *(SORT_BY_NAME(.ctors.*))
 *(.ctors)
 *crtbegin.o(.dtors)
 *crtbegin?.o(.dtors)
 *(EXCLUDE_FILE(*crtend.o *crtend?.o) .dtors)
 *(SORT_BY_NAME(.dtors.*))
 *(.dtors)
 *(.rodata*)
 .rodata._global_impure_ptr
                0x0000000000000784        0x4 /home/raymond/gcc-arm-none-eabi-9-2020-q2-update/bin/../lib/gcc/arm-none-eabi/9.3.1/../../../../arm-none-eabi/lib/thumb/v7e-m+fp/hard/libc_nano.a(lib_a-impure.o)
                0x0000000000000784                _global_impure_ptr
 *(.eh_frame*)
 .eh_frame      0x0000000000000788        0x0 /home/raymond/gcc-arm-none-eabi-9-2020-q2-update/bin/../lib/gcc/arm-none-eabi/9.3.1/thumb/v7e-m+fp/hard/crtbegin.o
 .eh_frame      0x0000000000000788        0x4 /home/raymond/gcc-arm-none-eabi-9-2020-q2-update/bin/../lib/gcc/arm-none-eabi/9.3.1/thumb/v7e-m+fp/hard/crtend.o

.glue_7         0x000000000000078c        0x0
 .glue_7        0x000000000000078c        0x0 linker stubs

.glue_7t        0x000000000000078c        0x0
 .glue_7t       0x000000000000078c        0x0 linker stubs

.vfp11_veneer   0x000000000000078c        0x0
 .vfp11_veneer  0x000000000000078c        0x0 linker stubs

.v4_bx          0x000000000000078c        0x0
 .v4_bx         0x000000000000078c        0x0 linker stubs

.iplt           0x000000000000078c        0x0
 .iplt          0x000000000000078c        0x0 /home/raymond/gcc-arm-none-eabi-9-2020-q2-update/bin/../lib/gcc/arm-none-eabi/9.3.1/thumb/v7e-m+fp/hard/crtbegin.o

.mem_section_dummy_rom

.log_const_data
                0x000000000000078c        0x0
                [!provide]                        PROVIDE (__start_log_const_data = .)
 *(SORT_BY_NAME(.log_const_data*))
                [!provide]                        PROVIDE (__stop_log_const_data = .)

.log_backends   0x000000000000078c        0x0
                [!provide]                        PROVIDE (__start_log_backends = .)
 *(SORT_BY_NAME(.log_backends*))
                [!provide]                        PROVIDE (__stop_log_backends = .)

.nrf_balloc     0x000000000000078c        0x0
                [!provide]                        PROVIDE (__start_nrf_balloc = .)
 *(.nrf_balloc)
                [!provide]                        PROVIDE (__stop_nrf_balloc = .)

.ARM.extab
 *(.ARM.extab* .gnu.linkonce.armextab.*)
                0x000000000000078c                __exidx_start = .

.ARM.exidx      0x000000000000078c        0x8
 *(.ARM.exidx* .gnu.linkonce.armexidx.*)
 .ARM.exidx     0x000000000000078c        0x8 /home/raymond/gcc-arm-none-eabi-9-2020-q2-update/bin/../lib/gcc/arm-none-eabi/9.3.1/../../../../arm-none-eabi/lib/thumb/v7e-m+fp/hard/crt0.o
                                         0x10 (size before relaxing)
                0x0000000000000794                __exidx_end = .

.rel.dyn        0x0000000000000794        0x0
 .rel.iplt      0x0000000000000794        0x0 /home/raymond/gcc-arm-none-eabi-9-2020-q2-update/bin/../lib/gcc/arm-none-eabi/9.3.1/thumb/v7e-m+fp/hard/crtbegin.o
                0x0000000000000794                . = ALIGN (0x4)
                0x0000000000000794                __etext = .

.data           0x0000000020000000      0x16c load address 0x0000000000000794
                0x0000000020000000                __data_start__ = .
 *(vtable)
 *(.data*)
 .data.response_test_frame
                0x0000000020000000       0xff _build/nrf52833_xxaa/main.c.o
 *fill*         0x00000000200000ff        0x1 
 .data.SystemCoreClock
                0x0000000020000100        0x4 _build/nrf52833_xxaa/system_nrf52833.c.o
                0x0000000020000100                SystemCoreClock
 .data.impure_data
                0x0000000020000104       0x60 /home/raymond/gcc-arm-none-eabi-9-2020-q2-update/bin/../lib/gcc/arm-none-eabi/9.3.1/../../../../arm-none-eabi/lib/thumb/v7e-m+fp/hard/libc_nano.a(lib_a-impure.o)
                0x0000000020000164                . = ALIGN (0x4)
                0x0000000020000164                PROVIDE (__preinit_array_start = .)
 *(.preinit_array)
                0x0000000020000164                PROVIDE (__preinit_array_end = .)
                0x0000000020000164                . = ALIGN (0x4)
                0x0000000020000164                PROVIDE (__init_array_start = .)
 *(SORT_BY_NAME(.init_array.*))
 *(.init_array)
 .init_array    0x0000000020000164        0x4 /home/raymond/gcc-arm-none-eabi-9-2020-q2-update/bin/../lib/gcc/arm-none-eabi/9.3.1/thumb/v7e-m+fp/hard/crtbegin.o
                0x0000000020000168                PROVIDE (__init_array_end = .)
                0x0000000020000168                . = ALIGN (0x4)
                [!provide]                        PROVIDE (__fini_array_start = .)
 *(SORT_BY_NAME(.fini_array.*))
 *(.fini_array)
 .fini_array    0x0000000020000168        0x4 /home/raymond/gcc-arm-none-eabi-9-2020-q2-update/bin/../lib/gcc/arm-none-eabi/9.3.1/thumb/v7e-m+fp/hard/crtbegin.o
                [!provide]                        PROVIDE (__fini_array_end = .)
 *(.jcr*)
                0x000000002000016c                . = ALIGN (0x4)
                0x000000002000016c                __data_end__ = .
LOAD /home/raymond/gcc-arm-none-eabi-9-2020-q2-update/bin/../lib/gcc/arm-none-eabi/9.3.1/thumb/v7e-m+fp/hard/crti.o
LOAD /home/raymond/gcc-arm-none-eabi-9-2020-q2-update/bin/../lib/gcc/arm-none-eabi/9.3.1/thumb/v7e-m+fp/hard/crtbegin.o
LOAD /home/raymond/gcc-arm-none-eabi-9-2020-q2-update/bin/../lib/gcc/arm-none-eabi/9.3.1/../../../../arm-none-eabi/lib/thumb/v7e-m+fp/hard/crt0.o
LOAD _build/nrf52833_xxaa/gcc_startup_nrf52833.S.o
LOAD _build/nrf52833_xxaa/nrf_log_frontend.c.o
LOAD _build/nrf52833_xxaa/nrf_log_str_formatter.c.o
LOAD _build/nrf52833_xxaa/boards.c.o
LOAD _build/nrf52833_xxaa/app_error.c.o
LOAD _build/nrf52833_xxaa/app_error_handler_gcc.c.o
LOAD _build/nrf52833_xxaa/app_error_weak.c.o
LOAD _build/nrf52833_xxaa/app_fifo.c.o
LOAD _build/nrf52833_xxaa/app_uart_fifo.c.o
LOAD _build/nrf52833_xxaa/app_util_platform.c.o
LOAD _build/nrf52833_xxaa/nrf_assert.c.o
LOAD _build/nrf52833_xxaa/nrf_atomic.c.o
LOAD _build/nrf52833_xxaa/nrf_balloc.c.o
LOAD _build/nrf52833_xxaa/nrf_fprintf.c.o
LOAD _build/nrf52833_xxaa/nrf_fprintf_format.c.o
LOAD _build/nrf52833_xxaa/nrf_memobj.c.o
LOAD _build/nrf52833_xxaa/nrf_ringbuf.c.o
LOAD _build/nrf52833_xxaa/nrf_strerror.c.o
LOAD _build/nrf52833_xxaa/retarget.c.o
LOAD _build/nrf52833_xxaa/nrf_drv_uart.c.o
LOAD _build/nrf52833_xxaa/nrfx_atomic.c.o
LOAD _build/nrf52833_xxaa/nrfx_prs.c.o
LOAD _build/nrf52833_xxaa/nrfx_uart.c.o
LOAD _build/nrf52833_xxaa/nrfx_uarte.c.o
LOAD _build/nrf52833_xxaa/main.c.o
LOAD _build/nrf52833_xxaa/system_nrf52833.c.o
LOAD _build/nrf52833_xxaa/timer.c.o
LOAD /home/raymond/gcc-arm-none-eabi-9-2020-q2-update/bin/../lib/gcc/arm-none-eabi/9.3.1/../../../../arm-none-eabi/lib/thumb/v7e-m+fp/hard/libc_nano.a
LOAD /home/raymond/gcc-arm-none-eabi-9-2020-q2-update/bin/../lib/gcc/arm-none-eabi/9.3.1/../../../../arm-none-eabi/lib/thumb/v7e-m+fp/hard/libnosys.a
LOAD /home/raymond/gcc-arm-none-eabi-9-2020-q2-update/bin/../lib/gcc/arm-none-eabi/9.3.1/../../../../arm-none-eabi/lib/thumb/v7e-m+fp/hard/libm.a
START GROUP
LOAD /home/raymond/gcc-arm-none-eabi-9-2020-q2-update/bin/../lib/gcc/arm-none-eabi/9.3.1/thumb/v7e-m+fp/hard/libgcc.a
LOAD /home/raymond/gcc-arm-none-eabi-9-2020-q2-update/bin/../lib/gcc/arm-none-eabi/9.3.1/../../../../arm-none-eabi/lib/thumb/v7e-m+fp/hard/libg_nano.a
LOAD /home/raymond/gcc-arm-none-eabi-9-2020-q2-update/bin/../lib/gcc/arm-none-eabi/9.3.1/../../../../arm-none-eabi/lib/thumb/v7e-m+fp/hard/libc_nano.a
END GROUP
START GROUP
LOAD /home/raymond/gcc-arm-none-eabi-9-2020-q2-update/bin/../lib/gcc/arm-none-eabi/9.3.1/thumb/v7e-m+fp/hard/libgcc.a
LOAD /home/raymond/gcc-arm-none-eabi-9-2020-q2-update/bin/../lib/gcc/arm-none-eabi/9.3.1/../../../../arm-none-eabi/lib/thumb/v7e-m+fp/hard/libc_nano.a
END GROUP
LOAD /home/raymond/gcc-arm-none-eabi-9-2020-q2-update/bin/../lib/gcc/arm-none-eabi/9.3.1/thumb/v7e-m+fp/hard/crtend.o
LOAD /home/raymond/gcc-arm-none-eabi-9-2020-q2-update/bin/../lib/gcc/arm-none-eabi/9.3.1/thumb/v7e-m+fp/hard/crtn.o
START GROUP
LOAD /home/raymond/gcc-arm-none-eabi-9-2020-q2-update/bin/../lib/gcc/arm-none-eabi/9.3.1/thumb/v7e-m+fp/hard/libgcc.a
LOAD /home/raymond/gcc-arm-none-eabi-9-2020-q2-update/bin/../lib/gcc/arm-none-eabi/9.3.1/../../../../arm-none-eabi/lib/thumb/v7e-m+fp/hard/libc.a
LOAD /home/raymond/gcc-arm-none-eabi-9-2020-q2-update/bin/../lib/gcc/arm-none-eabi/9.3.1/../../../../arm-none-eabi/lib/thumb/v7e-m+fp/hard/libnosys.a
END GROUP

.igot.plt       0x000000002000016c        0x0 load address 0x0000000000000900
 .igot.plt      0x000000002000016c        0x0 /home/raymond/gcc-arm-none-eabi-9-2020-q2-update/bin/../lib/gcc/arm-none-eabi/9.3.1/thumb/v7e-m+fp/hard/crtbegin.o
                0x000000002000016c                . = ALIGN (0x4)

.mem_section_dummy_ram

.log_dynamic_data
                0x000000002000016c        0x0
                [!provide]                        PROVIDE (__start_log_dynamic_data = .)
 *(SORT_BY_NAME(.log_dynamic_data*))
                [!provide]                        PROVIDE (__stop_log_dynamic_data = .)

.log_filter_data
                0x000000002000016c        0x0
                [!provide]                        PROVIDE (__start_log_filter_data = .)
 *(SORT_BY_NAME(.log_filter_data*))
                [!provide]                        PROVIDE (__stop_log_filter_data = .)

.bss            0x000000002000016c      0x138 load address 0x0000000000000900
                0x000000002000016c                . = ALIGN (0x4)
                0x000000002000016c                __bss_start__ = .
 *(.bss*)
 .bss           0x000000002000016c       0x1c /home/raymond/gcc-arm-none-eabi-9-2020-q2-update/bin/../lib/gcc/arm-none-eabi/9.3.1/thumb/v7e-m+fp/hard/crtbegin.o
 .bss.m_prs_box_4
                0x0000000020000188        0x8 _build/nrf52833_xxaa/nrfx_prs.c.o
 .bss.dbgcnt1   0x0000000020000190        0x4 _build/nrf52833_xxaa/main.c.o
 .bss.freq_change
                0x0000000020000194        0x1 _build/nrf52833_xxaa/main.c.o
                0x0000000020000194                freq_change
 *fill*         0x0000000020000195        0x3 
 .bss.rx_pkt_counter
                0x0000000020000198        0x4 _build/nrf52833_xxaa/main.c.o
 .bss.rx_pkt_counter_crcok
                0x000000002000019c        0x4 _build/nrf52833_xxaa/main.c.o
 .bss.test_frame
                0x00000000200001a0      0x100 _build/nrf52833_xxaa/main.c.o
 .bss.tx_pkt_counter
                0x00000000200002a0        0x4 _build/nrf52833_xxaa/main.c.o
 *(COMMON)
                0x00000000200002a4                . = ALIGN (0x4)
                0x00000000200002a4                __bss_end__ = .

.heap           0x00000000200002a8     0x2000
                0x00000000200002a8                __HeapBase = .
                0x00000000200002a8                __end__ = .
                [!provide]                        PROVIDE (end = .)
 *(.heap*)
 .heap          0x00000000200002a8     0x2000 _build/nrf52833_xxaa/gcc_startup_nrf52833.S.o
                0x00000000200022a8                __HeapLimit = .

.stack_dummy    0x00000000200002a8     0x2000
 *(.stack*)
 .stack         0x00000000200002a8     0x2000 _build/nrf52833_xxaa/gcc_startup_nrf52833.S.o
                0x0000000020020000                __StackTop = (ORIGIN (RAM) + LENGTH (RAM))
                0x000000002001e000                __StackLimit = (__StackTop - SIZEOF (.stack_dummy))
                0x0000000020020000                PROVIDE (__stack = __StackTop)
                0x0000000000000001                ASSERT ((__StackLimit >= __HeapLimit), region RAM overflowed with stack)
                0x000000000000016c                DataInitFlashUsed = (__bss_start__ - __data_start__)
                0x0000000000000794                CodeFlashUsed = (__etext - ORIGIN (FLASH))
                0x0000000000000900                TotalFlashUsed = (CodeFlashUsed + DataInitFlashUsed)
                0x0000000000000001                ASSERT ((TotalFlashUsed <= LENGTH (FLASH)), region FLASH overflowed with .data and user data)
OUTPUT(_build/nrf52833_xxaa.out elf32-littlearm)
LOAD linker stubs

.ARM.attributes
                0x0000000000000000       0x30
 .ARM.attributes
                0x0000000000000000       0x1e /home/raymond/gcc-arm-none-eabi-9-2020-q2-update/bin/../lib/gcc/arm-none-eabi/9.3.1/thumb/v7e-m+fp/hard/crti.o
 .ARM.attributes
                0x000000000000001e       0x34 /home/raymond/gcc-arm-none-eabi-9-2020-q2-update/bin/../lib/gcc/arm-none-eabi/9.3.1/thumb/v7e-m+fp/hard/crtbegin.o
 .ARM.attributes
                0x0000000000000052       0x1c /home/raymond/gcc-arm-none-eabi-9-2020-q2-update/bin/../lib/gcc/arm-none-eabi/9.3.1/../../../../arm-none-eabi/lib/thumb/v7e-m+fp/hard/crt0.o
 .ARM.attributes
                0x000000000000006e       0x20 _build/nrf52833_xxaa/gcc_startup_nrf52833.S.o
 .ARM.attributes
                0x000000000000008e       0x34 _build/nrf52833_xxaa/nrfx_prs.c.o
 .ARM.attributes
                0x00000000000000c2       0x34 _build/nrf52833_xxaa/main.c.o
 .ARM.attributes
                0x00000000000000f6       0x34 _build/nrf52833_xxaa/system_nrf52833.c.o
 .ARM.attributes
                0x000000000000012a       0x34 /home/raymond/gcc-arm-none-eabi-9-2020-q2-update/bin/../lib/gcc/arm-none-eabi/9.3.1/../../../../arm-none-eabi/lib/thumb/v7e-m+fp/hard/libc_nano.a(lib_a-exit.o)
 .ARM.attributes
                0x000000000000015e       0x32 /home/raymond/gcc-arm-none-eabi-9-2020-q2-update/bin/../lib/gcc/arm-none-eabi/9.3.1/../../../../arm-none-eabi/lib/thumb/v7e-m+fp/hard/libc_nano.a(lib_a-impure.o)
 .ARM.attributes
                0x0000000000000190       0x34 /home/raymond/gcc-arm-none-eabi-9-2020-q2-update/bin/../lib/gcc/arm-none-eabi/9.3.1/../../../../arm-none-eabi/lib/thumb/v7e-m+fp/hard/libc_nano.a(lib_a-init.o)
 .ARM.attributes
                0x00000000000001c4       0x34 /home/raymond/gcc-arm-none-eabi-9-2020-q2-update/bin/../lib/gcc/arm-none-eabi/9.3.1/../../../../arm-none-eabi/lib/thumb/v7e-m+fp/hard/libc_nano.a(lib_a-memset.o)
 .ARM.attributes
                0x00000000000001f8       0x34 /home/raymond/gcc-arm-none-eabi-9-2020-q2-update/bin/../lib/gcc/arm-none-eabi/9.3.1/../../../../arm-none-eabi/lib/thumb/v7e-m+fp/hard/libnosys.a(_exit.o)
 .ARM.attributes
                0x000000000000022c       0x32 /home/raymond/gcc-arm-none-eabi-9-2020-q2-update/bin/../lib/gcc/arm-none-eabi/9.3.1/thumb/v7e-m+fp/hard/crtend.o
 .ARM.attributes
                0x000000000000025e       0x1e /home/raymond/gcc-arm-none-eabi-9-2020-q2-update/bin/../lib/gcc/arm-none-eabi/9.3.1/thumb/v7e-m+fp/hard/crtn.o

.comment        0x0000000000000000       0x4c
 .comment       0x0000000000000000       0x4c _build/nrf52833_xxaa/nrfx_prs.c.o
                                         0x4d (size before relaxing)
 .comment       0x000000000000004c       0x4d _build/nrf52833_xxaa/main.c.o
 .comment       0x000000000000004c       0x4d _build/nrf52833_xxaa/system_nrf52833.c.o

.debug_line     0x0000000000000000     0x188b
 .debug_line    0x0000000000000000       0x89 _build/nrf52833_xxaa/gcc_startup_nrf52833.S.o
 .debug_line    0x0000000000000089      0x8de _build/nrf52833_xxaa/nrfx_prs.c.o
 .debug_line    0x0000000000000967      0x8ca _build/nrf52833_xxaa/main.c.o
 .debug_line    0x0000000000001231      0x65a _build/nrf52833_xxaa/system_nrf52833.c.o

.debug_info     0x0000000000000000     0x3490
 .debug_info    0x0000000000000000       0x26 _build/nrf52833_xxaa/gcc_startup_nrf52833.S.o
 .debug_info    0x0000000000000026     0x119c _build/nrf52833_xxaa/nrfx_prs.c.o
 .debug_info    0x00000000000011c2     0x101a _build/nrf52833_xxaa/main.c.o
 .debug_info    0x00000000000021dc     0x12b4 _build/nrf52833_xxaa/system_nrf52833.c.o

.debug_abbrev   0x0000000000000000      0x833
 .debug_abbrev  0x0000000000000000       0x14 _build/nrf52833_xxaa/gcc_startup_nrf52833.S.o
 .debug_abbrev  0x0000000000000014      0x34c _build/nrf52833_xxaa/nrfx_prs.c.o
 .debug_abbrev  0x0000000000000360      0x28b _build/nrf52833_xxaa/main.c.o
 .debug_abbrev  0x00000000000005eb      0x248 _build/nrf52833_xxaa/system_nrf52833.c.o

.debug_aranges  0x0000000000000000       0xe0
 .debug_aranges
                0x0000000000000000       0x20 _build/nrf52833_xxaa/gcc_startup_nrf52833.S.o
 .debug_aranges
                0x0000000000000020       0x30 _build/nrf52833_xxaa/nrfx_prs.c.o
 .debug_aranges
                0x0000000000000050       0x68 _build/nrf52833_xxaa/main.c.o
 .debug_aranges
                0x00000000000000b8       0x28 _build/nrf52833_xxaa/system_nrf52833.c.o

.debug_str      0x0000000000000000    0x94313
 .debug_str     0x0000000000000000       0x97 _build/nrf52833_xxaa/gcc_startup_nrf52833.S.o
 .debug_str     0x0000000000000097    0x8c65c _build/nrf52833_xxaa/nrfx_prs.c.o
                                      0x8d77f (size before relaxing)
 .debug_str     0x000000000008c6f3     0x77cd _build/nrf52833_xxaa/main.c.o
                                      0x55cde (size before relaxing)
 .debug_str     0x0000000000093ec0      0x453 _build/nrf52833_xxaa/system_nrf52833.c.o
                                      0x792bc (size before relaxing)

.debug_loc      0x0000000000000000      0x226
 .debug_loc     0x0000000000000000      0x10e _build/nrf52833_xxaa/nrfx_prs.c.o
 .debug_loc     0x000000000000010e       0x67 _build/nrf52833_xxaa/main.c.o
 .debug_loc     0x0000000000000175       0xb1 _build/nrf52833_xxaa/system_nrf52833.c.o

.debug_ranges   0x0000000000000000       0xc8
 .debug_ranges  0x0000000000000000       0x38 _build/nrf52833_xxaa/nrfx_prs.c.o
 .debug_ranges  0x0000000000000038       0x78 _build/nrf52833_xxaa/main.c.o
 .debug_ranges  0x00000000000000b0       0x18 _build/nrf52833_xxaa/system_nrf52833.c.o

.debug_macro    0x0000000000000000     0xd8de
 .debug_macro   0x0000000000000000      0x3ca _build/nrf52833_xxaa/nrfx_prs.c.o
 .debug_macro   0x00000000000003ca       0x28 _build/nrf52833_xxaa/nrfx_prs.c.o
 .debug_macro   0x00000000000003f2       0x1c _build/nrf52833_xxaa/nrfx_prs.c.o
 .debug_macro   0x000000000000040e       0x37 _build/nrf52833_xxaa/nrfx_prs.c.o
 .debug_macro   0x0000000000000445       0x10 _build/nrf52833_xxaa/nrfx_prs.c.o
 .debug_macro   0x0000000000000455      0x179 _build/nrf52833_xxaa/nrfx_prs.c.o
 .debug_macro   0x00000000000005ce       0x42 _build/nrf52833_xxaa/nrfx_prs.c.o
 .debug_macro   0x0000000000000610      0x111 _build/nrf52833_xxaa/main.c.o
 .debug_macro   0x0000000000000721       0x3b _build/nrf52833_xxaa/main.c.o
 .debug_macro   0x000000000000075c      0x392 _build/nrf52833_xxaa/main.c.o
 .debug_macro   0x0000000000000aee     0xccbe _build/nrf52833_xxaa/main.c.o
 .debug_macro   0x000000000000d7ac      0x132 _build/nrf52833_xxaa/system_nrf52833.c.o

.debug_frame    0x0000000000000000      0x1e8
 .debug_frame   0x0000000000000000       0x4c _build/nrf52833_xxaa/nrfx_prs.c.o
 .debug_frame   0x000000000000004c       0xd8 _build/nrf52833_xxaa/main.c.o
 .debug_frame   0x0000000000000124       0x30 _build/nrf52833_xxaa/system_nrf52833.c.o
 .debug_frame   0x0000000000000154       0x28 /home/raymond/gcc-arm-none-eabi-9-2020-q2-update/bin/../lib/gcc/arm-none-eabi/9.3.1/../../../../arm-none-eabi/lib/thumb/v7e-m+fp/hard/libc_nano.a(lib_a-exit.o)
 .debug_frame   0x000000000000017c       0x2c /home/raymond/gcc-arm-none-eabi-9-2020-q2-update/bin/../lib/gcc/arm-none-eabi/9.3.1/../../../../arm-none-eabi/lib/thumb/v7e-m+fp/hard/libc_nano.a(lib_a-init.o)
 .debug_frame   0x00000000000001a8       0x20 /home/raymond/gcc-arm-none-eabi-9-2020-q2-update/bin/../lib/gcc/arm-none-eabi/9.3.1/../../../../arm-none-eabi/lib/thumb/v7e-m+fp/hard/libc_nano.a(lib_a-memset.o)
 .debug_frame   0x00000000000001c8       0x20 /home/raymond/gcc-arm-none-eabi-9-2020-q2-update/bin/../lib/gcc/arm-none-eabi/9.3.1/../../../../arm-none-eabi/lib/thumb/v7e-m+fp/hard/libnosys.a(_exit.o)
