Archive member included to satisfy reference by file (symbol)

/home/raymond/gcc-arm-none-eabi-9-2020-q2-update/bin/../lib/gcc/arm-none-eabi/9.3.1/../../../../arm-none-eabi/lib/thumb/v7e-m+fp/hard/libc_nano.a(lib_a-exit.o)
                              /home/raymond/gcc-arm-none-eabi-9-2020-q2-update/bin/../lib/gcc/arm-none-eabi/9.3.1/../../../../arm-none-eabi/lib/thumb/v7e-m+fp/hard/crt0.o (exit)
/home/raymond/gcc-arm-none-eabi-9-2020-q2-update/bin/../lib/gcc/arm-none-eabi/9.3.1/../../../../arm-none-eabi/lib/thumb/v7e-m+fp/hard/libc_nano.a(lib_a-impure.o)
                              /home/raymond/gcc-arm-none-eabi-9-2020-q2-update/bin/../lib/gcc/arm-none-eabi/9.3.1/../../../../arm-none-eabi/lib/thumb/v7e-m+fp/hard/libc_nano.a(lib_a-exit.o) (_global_impure_ptr)
/home/raymond/gcc-arm-none-eabi-9-2020-q2-update/bin/../lib/gcc/arm-none-eabi/9.3.1/../../../../arm-none-eabi/lib/thumb/v7e-m+fp/hard/libc_nano.a(lib_a-init.o)
                              /home/raymond/gcc-arm-none-eabi-9-2020-q2-update/bin/../lib/gcc/arm-none-eabi/9.3.1/../../../../arm-none-eabi/lib/thumb/v7e-m+fp/hard/crt0.o (__libc_init_array)
/home/raymond/gcc-arm-none-eabi-9-2020-q2-update/bin/../lib/gcc/arm-none-eabi/9.3.1/../../../../arm-none-eabi/lib/thumb/v7e-m+fp/hard/libc_nano.a(lib_a-memcpy-stub.o)
                              _build/nrf52833_xxaa/nrf_memobj.c.o (memcpy)
/home/raymond/gcc-arm-none-eabi-9-2020-q2-update/bin/../lib/gcc/arm-none-eabi/9.3.1/../../../../arm-none-eabi/lib/thumb/v7e-m+fp/hard/libc_nano.a(lib_a-memset.o)
                              /home/raymond/gcc-arm-none-eabi-9-2020-q2-update/bin/../lib/gcc/arm-none-eabi/9.3.1/../../../../arm-none-eabi/lib/thumb/v7e-m+fp/hard/crt0.o (memset)
/home/raymond/gcc-arm-none-eabi-9-2020-q2-update/bin/../lib/gcc/arm-none-eabi/9.3.1/../../../../arm-none-eabi/lib/thumb/v7e-m+fp/hard/libc_nano.a(lib_a-strlen.o)
                              _build/nrf52833_xxaa/nrf_fprintf_format.c.o (strlen)
/home/raymond/gcc-arm-none-eabi-9-2020-q2-update/bin/../lib/gcc/arm-none-eabi/9.3.1/../../../../arm-none-eabi/lib/thumb/v7e-m+fp/hard/libnosys.a(_exit.o)
                              /home/raymond/gcc-arm-none-eabi-9-2020-q2-update/bin/../lib/gcc/arm-none-eabi/9.3.1/../../../../arm-none-eabi/lib/thumb/v7e-m+fp/hard/libc_nano.a(lib_a-exit.o) (_exit)

Allocating common symbols
Common symbol       size              file

nrf_drv_uart_use_easy_dma
                    0x2               _build/nrf52833_xxaa/nrf_drv_uart.c.o

Discarded input sections

 .text          0x0000000000000000        0x0 /home/raymond/gcc-arm-none-eabi-9-2020-q2-update/bin/../lib/gcc/arm-none-eabi/9.3.1/thumb/v7e-m+fp/hard/crti.o
 .data          0x0000000000000000        0x0 /home/raymond/gcc-arm-none-eabi-9-2020-q2-update/bin/../lib/gcc/arm-none-eabi/9.3.1/thumb/v7e-m+fp/hard/crti.o
 .bss           0x0000000000000000        0x0 /home/raymond/gcc-arm-none-eabi-9-2020-q2-update/bin/../lib/gcc/arm-none-eabi/9.3.1/thumb/v7e-m+fp/hard/crti.o
 .data          0x0000000000000000        0x4 /home/raymond/gcc-arm-none-eabi-9-2020-q2-update/bin/../lib/gcc/arm-none-eabi/9.3.1/thumb/v7e-m+fp/hard/crtbegin.o
 .data          0x0000000000000000        0x0 /home/raymond/gcc-arm-none-eabi-9-2020-q2-update/bin/../lib/gcc/arm-none-eabi/9.3.1/../../../../arm-none-eabi/lib/thumb/v7e-m+fp/hard/crt0.o
 .bss           0x0000000000000000        0x0 /home/raymond/gcc-arm-none-eabi-9-2020-q2-update/bin/../lib/gcc/arm-none-eabi/9.3.1/../../../../arm-none-eabi/lib/thumb/v7e-m+fp/hard/crt0.o
 .ARM.extab     0x0000000000000000        0x0 /home/raymond/gcc-arm-none-eabi-9-2020-q2-update/bin/../lib/gcc/arm-none-eabi/9.3.1/../../../../arm-none-eabi/lib/thumb/v7e-m+fp/hard/crt0.o
 .data          0x0000000000000000        0x0 _build/nrf52833_xxaa/gcc_startup_nrf52833.S.o
 .bss           0x0000000000000000        0x0 _build/nrf52833_xxaa/gcc_startup_nrf52833.S.o
 .group         0x0000000000000000        0xc _build/nrf52833_xxaa/nrf_log_frontend.c.o
 .group         0x0000000000000000        0xc _build/nrf52833_xxaa/nrf_log_frontend.c.o
 .group         0x0000000000000000        0xc _build/nrf52833_xxaa/nrf_log_frontend.c.o
 .group         0x0000000000000000        0xc _build/nrf52833_xxaa/nrf_log_frontend.c.o
 .group         0x0000000000000000        0xc _build/nrf52833_xxaa/nrf_log_frontend.c.o
 .group         0x0000000000000000        0xc _build/nrf52833_xxaa/nrf_log_frontend.c.o
 .group         0x0000000000000000        0xc _build/nrf52833_xxaa/nrf_log_frontend.c.o
 .group         0x0000000000000000        0xc _build/nrf52833_xxaa/nrf_log_frontend.c.o
 .group         0x0000000000000000        0xc _build/nrf52833_xxaa/nrf_log_frontend.c.o
 .group         0x0000000000000000        0xc _build/nrf52833_xxaa/nrf_log_frontend.c.o
 .group         0x0000000000000000        0xc _build/nrf52833_xxaa/nrf_log_frontend.c.o
 .group         0x0000000000000000        0xc _build/nrf52833_xxaa/nrf_log_frontend.c.o
[...]
Memory Configuration

Name             Origin             Length             Attributes
FLASH            0x0000000000000000 0x0000000000080000 xr
RAM              0x0000000020000000 0x0000000000020000 xrw
*default*        0x0000000000000000 0xffffffffffffffff

Linker script and memory map


.text           0x0000000000000000     0x1970
 *(.isr_vector)
 .isr_vector    0x0000000000000000      0x200 _build/nrf52833_xxaa/gcc_startup_nrf52833.S.o
                0x0000000000000000                __isr_vector
 *(.text*)
 .text          0x0000000000000200       0x40 /home/raymond/gcc-arm-none-eabi-9-2020-q2-update/bin/../lib/gcc/arm-none-eabi/9.3.1/thumb/v7e-m+fp/hard/crtbegin.o
 .text          0x0000000000000240       0x7c /home/raymond/gcc-arm-none-eabi-9-2020-q2-update/bin/../lib/gcc/arm-none-eabi/9.3.1/../../../../arm-none-eabi/lib/thumb/v7e-m+fp/hard/crt0.o
                0x0000000000000240                _stack_init
                0x0000000000000248                _mainCRTStartup
                0x0000000000000248                _start
 .text          0x00000000000002bc       0x3c _build/nrf52833_xxaa/gcc_startup_nrf52833.S.o
                0x00000000000002bc                Reset_Handler
                0x00000000000002e4                NMI_Handler
                0x00000000000002ee                SVC_Handler
                0x00000000000002f0                DebugMon_Handler
                0x00000000000002f2                PendSV_Handler
                0x00000000000002f4                SysTick_Handler
                0x00000000000002f6                TIMER2_IRQHandler
                0x00000000000002f6                RTC0_IRQHandler
                0x00000000000002f6                SWI0_EGU0_IRQHandler
                0x00000000000002f6                SWI2_EGU2_IRQHandler
                0x00000000000002f6                GPIOTE_IRQHandler
                0x00000000000002f6                PWM1_IRQHandler
                0x00000000000002f6                POWER_CLOCK_IRQHandler
                0x00000000000002f6                RADIO_IRQHandler
                0x00000000000002f6                PDM_IRQHandler
                0x00000000000002f6                TEMP_IRQHandler
                0x00000000000002f6                QDEC_IRQHandler
                0x00000000000002f6                TIMER3_IRQHandler
                0x00000000000002f6                PWM3_IRQHandler
                0x00000000000002f6                FPU_IRQHandler
                0x00000000000002f6                USBD_IRQHandler
                0x00000000000002f6                SPIM0_SPIS0_TWIM0_TWIS0_SPI0_TWI0_IRQHandler
                0x00000000000002f6                TIMER4_IRQHandler
                0x00000000000002f6                I2S_IRQHandler
                0x00000000000002f6                SWI4_EGU4_IRQHandler
                0x00000000000002f6                TIMER0_IRQHandler
                0x00000000000002f6                UARTE1_IRQHandler
                0x00000000000002f6                SPIM3_IRQHandler
                0x00000000000002f6                PWM2_IRQHandler
                0x00000000000002f6                ECB_IRQHandler
                0x00000000000002f6                SPIM1_SPIS1_TWIM1_TWIS1_SPI1_TWI1_IRQHandler
                0x00000000000002f6                Default_Handler
                0x00000000000002f6                SAADC_IRQHandler
                0x00000000000002f6                CCM_AAR_IRQHandler
                0x00000000000002f6                WDT_IRQHandler
                0x00000000000002f6                SWI5_EGU5_IRQHandler
                0x00000000000002f6                RNG_IRQHandler
                0x00000000000002f6                RTC2_IRQHandler
                0x00000000000002f6                PWM0_IRQHandler
                0x00000000000002f6                SWI3_EGU3_IRQHandler
                0x00000000000002f6                RTC1_IRQHandler
                0x00000000000002f6                SWI1_EGU1_IRQHandler
                0x00000000000002f6                SPIM2_SPIS2_SPI2_IRQHandler
                0x00000000000002f6                NFCT_IRQHandler
                0x00000000000002f6                MWU_IRQHandler
                0x00000000000002f6                COMP_LPCOMP_IRQHandler
 .text.app_error_handler_bare
                0x00000000000002f8       0x20 _build/nrf52833_xxaa/app_error.c.o
                0x00000000000002f8                app_error_handler_bare
 .text.app_error_fault_handler
                0x0000000000000318       0x34 _build/nrf52833_xxaa/app_error_weak.c.o
                0x0000000000000318                app_error_fault_handler
 .text.app_fifo_init
                0x000000000000034c       0x20 _build/nrf52833_xxaa/app_fifo.c.o
                0x000000000000034c                app_fifo_init
 .text.app_fifo_put
                0x000000000000036c       0x30 _build/nrf52833_xxaa/app_fifo.c.o
                0x000000000000036c                app_fifo_put
 .text.app_fifo_get
                0x000000000000039c       0x2c _build/nrf52833_xxaa/app_fifo.c.o
                0x000000000000039c                app_fifo_get
 .text.uart_event_handler
                0x00000000000003c8      0x120 _build/nrf52833_xxaa/app_uart_fifo.c.o
 .text.app_uart_init
                0x00000000000004e8       0xf8 _build/nrf52833_xxaa/app_uart_fifo.c.o
                0x00000000000004e8                app_uart_init
 .text.app_uart_put
                0x00000000000005e0       0x74 _build/nrf52833_xxaa/app_uart_fifo.c.o
                0x00000000000005e0                app_uart_put
 .text.app_util_critical_region_enter
                0x0000000000000654       0x10 _build/nrf52833_xxaa/app_util_platform.c.o
                0x0000000000000654                app_util_critical_region_enter
 .text.app_util_critical_region_exit
                0x0000000000000664       0x14 _build/nrf52833_xxaa/app_util_platform.c.o
                0x0000000000000664                app_util_critical_region_exit
 .text.uarte_evt_handler
                0x0000000000000678       0x34 _build/nrf52833_xxaa/nrf_drv_uart.c.o
 .text.uart_evt_handler
                0x00000000000006ac       0x34 _build/nrf52833_xxaa/nrf_drv_uart.c.o
 .text.nrf_drv_uart_init
                0x00000000000006e0       0x88 _build/nrf52833_xxaa/nrf_drv_uart.c.o
                0x00000000000006e0                nrf_drv_uart_init
 .text.UARTE0_UART0_IRQHandler
                0x0000000000000768        0xc _build/nrf52833_xxaa/nrfx_prs.c.o
                0x0000000000000768                UARTE0_UART0_IRQHandler
 .text.nrfx_prs_acquire
                0x0000000000000774       0x3c _build/nrf52833_xxaa/nrfx_prs.c.o
                0x0000000000000774                nrfx_prs_acquire
 .text.nrfx_uart_0_irq_handler
                0x00000000000007b0      0x1c4 _build/nrf52833_xxaa/nrfx_uart.c.o
                0x00000000000007b0                nrfx_uart_0_irq_handler
 .text.nrfx_uart_init
                0x0000000000000974      0x1f0 _build/nrf52833_xxaa/nrfx_uart.c.o
                0x0000000000000974                nrfx_uart_init
 .text.nrfx_uart_tx
                0x0000000000000b64       0xd0 _build/nrf52833_xxaa/nrfx_uart.c.o
                0x0000000000000b64                nrfx_uart_tx
 .text.nrfx_uart_tx_in_progress
                0x0000000000000c34       0x18 _build/nrf52833_xxaa/nrfx_uart.c.o
                0x0000000000000c34                nrfx_uart_tx_in_progress
 .text.nrfx_uart_rx
                0x0000000000000c4c      0x148 _build/nrf52833_xxaa/nrfx_uart.c.o
                0x0000000000000c4c                nrfx_uart_rx
 .text.nrfx_uarte_0_irq_handler
                0x0000000000000d94      0x168 _build/nrf52833_xxaa/nrfx_uarte.c.o
                0x0000000000000d94                nrfx_uarte_0_irq_handler
 .text.nrfx_uarte_init
                0x0000000000000efc      0x228 _build/nrf52833_xxaa/nrfx_uarte.c.o
                0x0000000000000efc                nrfx_uarte_init
 .text.nrfx_uarte_tx
                0x0000000000001124       0xb4 _build/nrf52833_xxaa/nrfx_uarte.c.o
                0x0000000000001124                nrfx_uarte_tx
 .text.nrfx_uarte_tx_in_progress
                0x00000000000011d8       0x1c _build/nrf52833_xxaa/nrfx_uarte.c.o
                0x00000000000011d8                nrfx_uarte_tx_in_progress
 .text.nrfx_uarte_rx
                0x00000000000011f4      0x130 _build/nrf52833_xxaa/nrfx_uarte.c.o
                0x00000000000011f4                nrfx_uarte_rx
 .text.uart_error_handle
                0x0000000000001324       0x14 _build/nrf52833_xxaa/main.c.o
                0x0000000000001324                uart_error_handle
 .text.nrf_radio_init
                0x0000000000001338       0x9c _build/nrf52833_xxaa/main.c.o
                0x0000000000001338                nrf_radio_init
 .text.TIMER1_IRQHandler
                0x00000000000013d4       0x28 _build/nrf52833_xxaa/main.c.o
                0x00000000000013d4                TIMER1_IRQHandler
 .text.uart_init
                0x00000000000013fc       0x50 _build/nrf52833_xxaa/main.c.o
                0x00000000000013fc                uart_init
 .text.startup.main
                0x000000000000144c      0x284 _build/nrf52833_xxaa/main.c.o
                0x000000000000144c                main
 .text.HardFault_Handler
                0x00000000000016d0        0x4 _build/nrf52833_xxaa/main.c.o
                0x00000000000016d0                HardFault_Handler
 .text.MemoryManagement_Handler
                0x00000000000016d4        0x4 _build/nrf52833_xxaa/main.c.o
                0x00000000000016d4                MemoryManagement_Handler
 .text.BusFault_Handler
                0x00000000000016d8        0x4 _build/nrf52833_xxaa/main.c.o
                0x00000000000016d8                BusFault_Handler
 .text.UsageFault_Handler
                0x00000000000016dc        0x4 _build/nrf52833_xxaa/main.c.o
                0x00000000000016dc                UsageFault_Handler
 .text.SystemInit
                0x00000000000016e0      0x168 _build/nrf52833_xxaa/system_nrf52833.c.o
                0x00000000000016e0                SystemInit
 .text.timer0_capture_init
                0x0000000000001848       0x40 _build/nrf52833_xxaa/timer.c.o
                0x0000000000001848                timer0_capture_init
 .text.exit     0x0000000000001888       0x28 /home/raymond/gcc-arm-none-eabi-9-2020-q2-update/bin/../lib/gcc/arm-none-eabi/9.3.1/../../../../arm-none-eabi/lib/thumb/v7e-m+fp/hard/libc_nano.a(lib_a-exit.o)
                0x0000000000001888                exit
 .text.__libc_init_array
                0x00000000000018b0       0x48 /home/raymond/gcc-arm-none-eabi-9-2020-q2-update/bin/../lib/gcc/arm-none-eabi/9.3.1/../../../../arm-none-eabi/lib/thumb/v7e-m+fp/hard/libc_nano.a(lib_a-init.o)
                0x00000000000018b0                __libc_init_array
 .text.memset   0x00000000000018f8       0x10 /home/raymond/gcc-arm-none-eabi-9-2020-q2-update/bin/../lib/gcc/arm-none-eabi/9.3.1/../../../../arm-none-eabi/lib/thumb/v7e-m+fp/hard/libc_nano.a(lib_a-memset.o)
                0x00000000000018f8                memset
 .text._exit    0x0000000000001908        0x4 /home/raymond/gcc-arm-none-eabi-9-2020-q2-update/bin/../lib/gcc/arm-none-eabi/9.3.1/../../../../arm-none-eabi/lib/thumb/v7e-m+fp/hard/libnosys.a(_exit.o)
                0x0000000000001908                _exit
 *(.init)
 .init          0x000000000000190c        0x4 /home/raymond/gcc-arm-none-eabi-9-2020-q2-update/bin/../lib/gcc/arm-none-eabi/9.3.1/thumb/v7e-m+fp/hard/crti.o
                0x000000000000190c                _init
 .init          0x0000000000001910        0x8 /home/raymond/gcc-arm-none-eabi-9-2020-q2-update/bin/../lib/gcc/arm-none-eabi/9.3.1/thumb/v7e-m+fp/hard/crtn.o
 *(.fini)
 .fini          0x0000000000001918        0x4 /home/raymond/gcc-arm-none-eabi-9-2020-q2-update/bin/../lib/gcc/arm-none-eabi/9.3.1/thumb/v7e-m+fp/hard/crti.o
                0x0000000000001918                _fini
 .fini          0x000000000000191c        0x8 /home/raymond/gcc-arm-none-eabi-9-2020-q2-update/bin/../lib/gcc/arm-none-eabi/9.3.1/thumb/v7e-m+fp/hard/crtn.o
 *crtbegin.o(.ctors)
 *crtbegin?.o(.ctors)
 *(EXCLUDE_FILE(*crtend.o *crtend?.o) .ctors)
 *(SORT_BY_NAME(.ctors.*))
 *(.ctors)
 *crtbegin.o(.dtors)
 *crtbegin?.o(.dtors)
 *(EXCLUDE_FILE(*crtend.o *crtend?.o) .dtors)
 *(SORT_BY_NAME(.dtors.*))
 *(.dtors)
 *(.rodata*)
 .rodata        0x0000000000001924       0x20 _build/nrf52833_xxaa/app_uart_fifo.c.o
 .rodata        0x0000000000001944       0x18 _build/nrf52833_xxaa/main.c.o
 .rodata.radio_freqs
                0x000000000000195c        0xc _build/nrf52833_xxaa/main.c.o
 .rodata._global_impure_ptr
                0x0000000000001968        0x4 /home/raymond/gcc-arm-none-eabi-9-2020-q2-update/bin/../lib/gcc/arm-none-eabi/9.3.1/../../../../arm-none-eabi/lib/thumb/v7e-m+fp/hard/libc_nano.a(lib_a-impure.o)
                0x0000000000001968                _global_impure_ptr
 *(.eh_frame*)
 .eh_frame      0x000000000000196c        0x0 /home/raymond/gcc-arm-none-eabi-9-2020-q2-update/bin/../lib/gcc/arm-none-eabi/9.3.1/thumb/v7e-m+fp/hard/crtbegin.o
 .eh_frame      0x000000000000196c        0x4 /home/raymond/gcc-arm-none-eabi-9-2020-q2-update/bin/../lib/gcc/arm-none-eabi/9.3.1/thumb/v7e-m+fp/hard/crtend.o

.glue_7         0x0000000000001970        0x0
 .glue_7        0x0000000000001970        0x0 linker stubs

.glue_7t        0x0000000000001970        0x0
 .glue_7t       0x0000000000001970        0x0 linker stubs

.vfp11_veneer   0x0000000000001970        0x0
 .vfp11_veneer  0x0000000000001970        0x0 linker stubs

.v4_bx          0x0000000000001970        0x0
 .v4_bx         0x0000000000001970        0x0 linker stubs

.iplt           0x0000000000001970        0x0
 .iplt          0x0000000000001970        0x0 /home/raymond/gcc-arm-none-eabi-9-2020-q2-update/bin/../lib/gcc/arm-none-eabi/9.3.1/thumb/v7e-m+fp/hard/crtbegin.o

.mem_section_dummy_rom

.log_const_data
                0x0000000000001970        0x0
                [!provide]                        PROVIDE (__start_log_const_data = .)
 *(SORT_BY_NAME(.log_const_data*))
                [!provide]                        PROVIDE (__stop_log_const_data = .)

.log_backends   0x0000000000001970        0x0
                [!provide]                        PROVIDE (__start_log_backends = .)
 *(SORT_BY_NAME(.log_backends*))
                [!provide]                        PROVIDE (__stop_log_backends = .)

.nrf_balloc     0x0000000000001970        0x0
                [!provide]                        PROVIDE (__start_nrf_balloc = .)
 *(.nrf_balloc)
                [!provide]                        PROVIDE (__stop_nrf_balloc = .)

.ARM.extab
 *(.ARM.extab* .gnu.linkonce.armextab.*)
                0x0000000000001970                __exidx_start = .

.ARM.exidx      0x0000000000001970        0x8
 *(.ARM.exidx* .gnu.linkonce.armexidx.*)
 .ARM.exidx     0x0000000000001970        0x8 /home/raymond/gcc-arm-none-eabi-9-2020-q2-update/bin/../lib/gcc/arm-none-eabi/9.3.1/../../../../arm-none-eabi/lib/thumb/v7e-m+fp/hard/crt0.o
                                         0x10 (size before relaxing)
                0x0000000000001978                __exidx_end = .

.rel.dyn        0x0000000000001978        0x0
 .rel.iplt      0x0000000000001978        0x0 /home/raymond/gcc-arm-none-eabi-9-2020-q2-update/bin/../lib/gcc/arm-none-eabi/9.3.1/thumb/v7e-m+fp/hard/crtbegin.o
                0x0000000000001978                . = ALIGN (0x4)
                0x0000000000001978                __etext = .

.data           0x0000000020000000      0x184 load address 0x0000000000001978
                0x0000000020000000                __data_start__ = .
 *(vtable)
 *(.data*)
 .data.app_uart_inst
                0x0000000020000000       0x14 _build/nrf52833_xxaa/app_uart_fifo.c.o
 .data.channel_index
                0x0000000020000014        0x4 _build/nrf52833_xxaa/main.c.o
                0x0000000020000014                channel_index
 .data.test_frame
                0x0000000020000018       0xff _build/nrf52833_xxaa/main.c.o
 *fill*         0x0000000020000117        0x1 
 .data.SystemCoreClock
                0x0000000020000118        0x4 _build/nrf52833_xxaa/system_nrf52833.c.o
                0x0000000020000118                SystemCoreClock
 .data.impure_data
                0x000000002000011c       0x60 /home/raymond/gcc-arm-none-eabi-9-2020-q2-update/bin/../lib/gcc/arm-none-eabi/9.3.1/../../../../arm-none-eabi/lib/thumb/v7e-m+fp/hard/libc_nano.a(lib_a-impure.o)
                0x000000002000017c                . = ALIGN (0x4)
                0x000000002000017c                PROVIDE (__preinit_array_start = .)
 *(.preinit_array)
                0x000000002000017c                PROVIDE (__preinit_array_end = .)
                0x000000002000017c                . = ALIGN (0x4)
                0x000000002000017c                PROVIDE (__init_array_start = .)
 *(SORT_BY_NAME(.init_array.*))
 *(.init_array)
 .init_array    0x000000002000017c        0x4 /home/raymond/gcc-arm-none-eabi-9-2020-q2-update/bin/../lib/gcc/arm-none-eabi/9.3.1/thumb/v7e-m+fp/hard/crtbegin.o
                0x0000000020000180                PROVIDE (__init_array_end = .)
                0x0000000020000180                . = ALIGN (0x4)
                [!provide]                        PROVIDE (__fini_array_start = .)
 *(SORT_BY_NAME(.fini_array.*))
 *(.fini_array)
 .fini_array    0x0000000020000180        0x4 /home/raymond/gcc-arm-none-eabi-9-2020-q2-update/bin/../lib/gcc/arm-none-eabi/9.3.1/thumb/v7e-m+fp/hard/crtbegin.o
                [!provide]                        PROVIDE (__fini_array_end = .)
 *(.jcr*)
                0x0000000020000184                . = ALIGN (0x4)
                0x0000000020000184                __data_end__ = .
LOAD /home/raymond/gcc-arm-none-eabi-9-2020-q2-update/bin/../lib/gcc/arm-none-eabi/9.3.1/thumb/v7e-m+fp/hard/crti.o
LOAD /home/raymond/gcc-arm-none-eabi-9-2020-q2-update/bin/../lib/gcc/arm-none-eabi/9.3.1/thumb/v7e-m+fp/hard/crtbegin.o
LOAD /home/raymond/gcc-arm-none-eabi-9-2020-q2-update/bin/../lib/gcc/arm-none-eabi/9.3.1/../../../../arm-none-eabi/lib/thumb/v7e-m+fp/hard/crt0.o
LOAD _build/nrf52833_xxaa/gcc_startup_nrf52833.S.o
LOAD _build/nrf52833_xxaa/nrf_log_frontend.c.o
LOAD _build/nrf52833_xxaa/nrf_log_str_formatter.c.o
LOAD _build/nrf52833_xxaa/boards.c.o
LOAD _build/nrf52833_xxaa/app_error.c.o
LOAD _build/nrf52833_xxaa/app_error_handler_gcc.c.o
LOAD _build/nrf52833_xxaa/app_error_weak.c.o
LOAD _build/nrf52833_xxaa/app_fifo.c.o
LOAD _build/nrf52833_xxaa/app_uart_fifo.c.o
LOAD _build/nrf52833_xxaa/app_util_platform.c.o
LOAD _build/nrf52833_xxaa/nrf_assert.c.o
LOAD _build/nrf52833_xxaa/nrf_atomic.c.o
LOAD _build/nrf52833_xxaa/nrf_balloc.c.o
LOAD _build/nrf52833_xxaa/nrf_fprintf.c.o
LOAD _build/nrf52833_xxaa/nrf_fprintf_format.c.o
LOAD _build/nrf52833_xxaa/nrf_memobj.c.o
LOAD _build/nrf52833_xxaa/nrf_ringbuf.c.o
LOAD _build/nrf52833_xxaa/nrf_strerror.c.o
LOAD _build/nrf52833_xxaa/retarget.c.o
LOAD _build/nrf52833_xxaa/nrf_drv_uart.c.o
LOAD _build/nrf52833_xxaa/nrfx_atomic.c.o
LOAD _build/nrf52833_xxaa/nrfx_prs.c.o
LOAD _build/nrf52833_xxaa/nrfx_uart.c.o
LOAD _build/nrf52833_xxaa/nrfx_uarte.c.o
LOAD _build/nrf52833_xxaa/main.c.o
LOAD _build/nrf52833_xxaa/system_nrf52833.c.o
LOAD _build/nrf52833_xxaa/timer.c.o
LOAD /home/raymond/gcc-arm-none-eabi-9-2020-q2-update/bin/../lib/gcc/arm-none-eabi/9.3.1/../../../../arm-none-eabi/lib/thumb/v7e-m+fp/hard/libc_nano.a
LOAD /home/raymond/gcc-arm-none-eabi-9-2020-q2-update/bin/../lib/gcc/arm-none-eabi/9.3.1/../../../../arm-none-eabi/lib/thumb/v7e-m+fp/hard/libnosys.a
LOAD /home/raymond/gcc-arm-none-eabi-9-2020-q2-update/bin/../lib/gcc/arm-none-eabi/9.3.1/../../../../arm-none-eabi/lib/thumb/v7e-m+fp/hard/libm.a
START GROUP
LOAD /home/raymond/gcc-arm-none-eabi-9-2020-q2-update/bin/../lib/gcc/arm-none-eabi/9.3.1/thumb/v7e-m+fp/hard/libgcc.a
LOAD /home/raymond/gcc-arm-none-eabi-9-2020-q2-update/bin/../lib/gcc/arm-none-eabi/9.3.1/../../../../arm-none-eabi/lib/thumb/v7e-m+fp/hard/libg_nano.a
LOAD /home/raymond/gcc-arm-none-eabi-9-2020-q2-update/bin/../lib/gcc/arm-none-eabi/9.3.1/../../../../arm-none-eabi/lib/thumb/v7e-m+fp/hard/libc_nano.a
END GROUP
START GROUP
LOAD /home/raymond/gcc-arm-none-eabi-9-2020-q2-update/bin/../lib/gcc/arm-none-eabi/9.3.1/thumb/v7e-m+fp/hard/libgcc.a
LOAD /home/raymond/gcc-arm-none-eabi-9-2020-q2-update/bin/../lib/gcc/arm-none-eabi/9.3.1/../../../../arm-none-eabi/lib/thumb/v7e-m+fp/hard/libc_nano.a
END GROUP
LOAD /home/raymond/gcc-arm-none-eabi-9-2020-q2-update/bin/../lib/gcc/arm-none-eabi/9.3.1/thumb/v7e-m+fp/hard/crtend.o
LOAD /home/raymond/gcc-arm-none-eabi-9-2020-q2-update/bin/../lib/gcc/arm-none-eabi/9.3.1/thumb/v7e-m+fp/hard/crtn.o
START GROUP
LOAD /home/raymond/gcc-arm-none-eabi-9-2020-q2-update/bin/../lib/gcc/arm-none-eabi/9.3.1/thumb/v7e-m+fp/hard/libgcc.a
LOAD /home/raymond/gcc-arm-none-eabi-9-2020-q2-update/bin/../lib/gcc/arm-none-eabi/9.3.1/../../../../arm-none-eabi/lib/thumb/v7e-m+fp/hard/libc.a
LOAD /home/raymond/gcc-arm-none-eabi-9-2020-q2-update/bin/../lib/gcc/arm-none-eabi/9.3.1/../../../../arm-none-eabi/lib/thumb/v7e-m+fp/hard/libnosys.a
END GROUP

.igot.plt       0x0000000020000184        0x0 load address 0x0000000000001afc
 .igot.plt      0x0000000020000184        0x0 /home/raymond/gcc-arm-none-eabi-9-2020-q2-update/bin/../lib/gcc/arm-none-eabi/9.3.1/thumb/v7e-m+fp/hard/crtbegin.o
                0x0000000020000184                . = ALIGN (0x4)

.mem_section_dummy_ram

.log_dynamic_data
                0x0000000020000184        0x0
                [!provide]                        PROVIDE (__start_log_dynamic_data = .)
 *(SORT_BY_NAME(.log_dynamic_data*))
                [!provide]                        PROVIDE (__stop_log_dynamic_data = .)

.log_filter_data
                0x0000000020000184        0x0
                [!provide]                        PROVIDE (__start_log_filter_data = .)
 *(SORT_BY_NAME(.log_filter_data*))
                [!provide]                        PROVIDE (__stop_log_filter_data = .)

.bss            0x0000000020000188      0x3e4 load address 0x0000000000001b00
                0x0000000020000188                . = ALIGN (0x4)
                0x0000000020000188                __bss_start__ = .
 *(.bss*)
 .bss           0x0000000020000188       0x1c /home/raymond/gcc-arm-none-eabi-9-2020-q2-update/bin/../lib/gcc/arm-none-eabi/9.3.1/thumb/v7e-m+fp/hard/crtbegin.o
 .bss.m_event_handler
                0x00000000200001a4        0x4 _build/nrf52833_xxaa/app_uart_fifo.c.o
 .bss.m_rx_fifo
                0x00000000200001a8       0x10 _build/nrf52833_xxaa/app_uart_fifo.c.o
 .bss.m_rx_ovf  0x00000000200001b8        0x1 _build/nrf52833_xxaa/app_uart_fifo.c.o
 *fill*         0x00000000200001b9        0x3 
 .bss.m_tx_fifo
                0x00000000200001bc       0x10 _build/nrf52833_xxaa/app_uart_fifo.c.o
 .bss.rx_buffer
                0x00000000200001cc        0x1 _build/nrf52833_xxaa/app_uart_fifo.c.o
 *fill*         0x00000000200001cd        0x3 
 .bss.tx_buffer
                0x00000000200001d0        0x1 _build/nrf52833_xxaa/app_uart_fifo.c.o
 *fill*         0x00000000200001d1        0x3 
 .bss.m_in_critical_region
                0x00000000200001d4        0x4 _build/nrf52833_xxaa/app_util_platform.c.o
 .bss.m_contexts
                0x00000000200001d8        0x8 _build/nrf52833_xxaa/nrf_drv_uart.c.o
 .bss.m_handlers
                0x00000000200001e0        0x8 _build/nrf52833_xxaa/nrf_drv_uart.c.o
 .bss.m_prs_box_4
                0x00000000200001e8        0x8 _build/nrf52833_xxaa/nrfx_prs.c.o
 .bss.m_cb      0x00000000200001f0       0x2c _build/nrf52833_xxaa/nrfx_uart.c.o
 *fill*         0x000000002000021c        0x4 
 .bss.m_cb      0x0000000020000220       0x24 _build/nrf52833_xxaa/nrfx_uarte.c.o
 .bss.freq_change
                0x0000000020000244        0x1 _build/nrf52833_xxaa/main.c.o
                0x0000000020000244                freq_change
 *fill*         0x0000000020000245        0x3 
 .bss.highper   0x0000000020000248        0x4 _build/nrf52833_xxaa/main.c.o
 .bss.rx_buf.9480
                0x000000002000024c      0x100 _build/nrf52833_xxaa/main.c.o
 .bss.rx_ignored
                0x000000002000034c        0x4 _build/nrf52833_xxaa/main.c.o
 .bss.rx_pkt_counter
                0x0000000020000350        0x4 _build/nrf52833_xxaa/main.c.o
 .bss.rx_pkt_counter_crcok
                0x0000000020000354        0x4 _build/nrf52833_xxaa/main.c.o
 .bss.rx_test_frame
                0x0000000020000358      0x100 _build/nrf52833_xxaa/main.c.o
 .bss.rx_timeouts
                0x0000000020000458        0x4 _build/nrf52833_xxaa/main.c.o
 .bss.timeout   0x000000002000045c        0x4 _build/nrf52833_xxaa/main.c.o
 .bss.tx_buf.9481
                0x0000000020000460      0x100 _build/nrf52833_xxaa/main.c.o
 .bss.tx_pkt_counter
                0x0000000020000560        0x4 _build/nrf52833_xxaa/main.c.o
 .bss.txcntw    0x0000000020000564        0x4 _build/nrf52833_xxaa/main.c.o
 *(COMMON)
 COMMON         0x0000000020000568        0x2 _build/nrf52833_xxaa/nrf_drv_uart.c.o
                0x0000000020000568                nrf_drv_uart_use_easy_dma
                0x000000002000056c                . = ALIGN (0x4)
 *fill*         0x000000002000056a        0x2 
                0x000000002000056c                __bss_end__ = .

.heap           0x0000000020000570     0x2000
                0x0000000020000570                __HeapBase = .
                0x0000000020000570                __end__ = .
                [!provide]                        PROVIDE (end = .)
 *(.heap*)
 .heap          0x0000000020000570     0x2000 _build/nrf52833_xxaa/gcc_startup_nrf52833.S.o
                0x0000000020002570                __HeapLimit = .

.stack_dummy    0x0000000020000570     0x2000
 *(.stack*)
 .stack         0x0000000020000570     0x2000 _build/nrf52833_xxaa/gcc_startup_nrf52833.S.o
                0x0000000020020000                __StackTop = (ORIGIN (RAM) + LENGTH (RAM))
                0x000000002001e000                __StackLimit = (__StackTop - SIZEOF (.stack_dummy))
                0x0000000020020000                PROVIDE (__stack = __StackTop)
                0x0000000000000001                ASSERT ((__StackLimit >= __HeapLimit), region RAM overflowed with stack)
                0x0000000000000188                DataInitFlashUsed = (__bss_start__ - __data_start__)
                0x0000000000001978                CodeFlashUsed = (__etext - ORIGIN (FLASH))
                0x0000000000001b00                TotalFlashUsed = (CodeFlashUsed + DataInitFlashUsed)
                0x0000000000000001                ASSERT ((TotalFlashUsed <= LENGTH (FLASH)), region FLASH overflowed with .data and user data)
OUTPUT(_build/nrf52833_xxaa.out elf32-littlearm)
LOAD linker stubs

.ARM.attributes
                0x0000000000000000       0x30
 .ARM.attributes
                0x0000000000000000       0x1e /home/raymond/gcc-arm-none-eabi-9-2020-q2-update/bin/../lib/gcc/arm-none-eabi/9.3.1/thumb/v7e-m+fp/hard/crti.o
 .ARM.attributes
                0x000000000000001e       0x34 /home/raymond/gcc-arm-none-eabi-9-2020-q2-update/bin/../lib/gcc/arm-none-eabi/9.3.1/thumb/v7e-m+fp/hard/crtbegin.o
 .ARM.attributes
                0x0000000000000052       0x1c /home/raymond/gcc-arm-none-eabi-9-2020-q2-update/bin/../lib/gcc/arm-none-eabi/9.3.1/../../../../arm-none-eabi/lib/thumb/v7e-m+fp/hard/crt0.o
 .ARM.attributes
                0x000000000000006e       0x20 _build/nrf52833_xxaa/gcc_startup_nrf52833.S.o
 .ARM.attributes
                0x000000000000008e       0x34 _build/nrf52833_xxaa/app_error.c.o
 .ARM.attributes
                0x00000000000000c2       0x34 _build/nrf52833_xxaa/app_error_weak.c.o
 .ARM.attributes
                0x00000000000000f6       0x34 _build/nrf52833_xxaa/app_fifo.c.o
 .ARM.attributes
                0x000000000000012a       0x34 _build/nrf52833_xxaa/app_uart_fifo.c.o
 .ARM.attributes
                0x000000000000015e       0x34 _build/nrf52833_xxaa/app_util_platform.c.o
 .ARM.attributes
                0x0000000000000192       0x34 _build/nrf52833_xxaa/nrf_drv_uart.c.o
 .ARM.attributes
                0x00000000000001c6       0x34 _build/nrf52833_xxaa/nrfx_prs.c.o
 .ARM.attributes
                0x00000000000001fa       0x34 _build/nrf52833_xxaa/nrfx_uart.c.o
 .ARM.attributes
                0x000000000000022e       0x34 _build/nrf52833_xxaa/nrfx_uarte.c.o
 .ARM.attributes
                0x0000000000000262       0x34 _build/nrf52833_xxaa/main.c.o
 .ARM.attributes
                0x0000000000000296       0x34 _build/nrf52833_xxaa/system_nrf52833.c.o
 .ARM.attributes
                0x00000000000002ca       0x34 _build/nrf52833_xxaa/timer.c.o
 .ARM.attributes
                0x00000000000002fe       0x34 /home/raymond/gcc-arm-none-eabi-9-2020-q2-update/bin/../lib/gcc/arm-none-eabi/9.3.1/../../../../arm-none-eabi/lib/thumb/v7e-m+fp/hard/libc_nano.a(lib_a-exit.o)
 .ARM.attributes
                0x0000000000000332       0x32 /home/raymond/gcc-arm-none-eabi-9-2020-q2-update/bin/../lib/gcc/arm-none-eabi/9.3.1/../../../../arm-none-eabi/lib/thumb/v7e-m+fp/hard/libc_nano.a(lib_a-impure.o)
 .ARM.attributes
                0x0000000000000364       0x34 /home/raymond/gcc-arm-none-eabi-9-2020-q2-update/bin/../lib/gcc/arm-none-eabi/9.3.1/../../../../arm-none-eabi/lib/thumb/v7e-m+fp/hard/libc_nano.a(lib_a-init.o)
 .ARM.attributes
                0x0000000000000398       0x34 /home/raymond/gcc-arm-none-eabi-9-2020-q2-update/bin/../lib/gcc/arm-none-eabi/9.3.1/../../../../arm-none-eabi/lib/thumb/v7e-m+fp/hard/libc_nano.a(lib_a-memset.o)
 .ARM.attributes
                0x00000000000003cc       0x34 /home/raymond/gcc-arm-none-eabi-9-2020-q2-update/bin/../lib/gcc/arm-none-eabi/9.3.1/../../../../arm-none-eabi/lib/thumb/v7e-m+fp/hard/libnosys.a(_exit.o)
 .ARM.attributes
                0x0000000000000400       0x32 /home/raymond/gcc-arm-none-eabi-9-2020-q2-update/bin/../lib/gcc/arm-none-eabi/9.3.1/thumb/v7e-m+fp/hard/crtend.o
 .ARM.attributes
                0x0000000000000432       0x1e /home/raymond/gcc-arm-none-eabi-9-2020-q2-update/bin/../lib/gcc/arm-none-eabi/9.3.1/thumb/v7e-m+fp/hard/crtn.o

.comment        0x0000000000000000       0x4c
 .comment       0x0000000000000000       0x4c _build/nrf52833_xxaa/app_error.c.o
                                         0x4d (size before relaxing)
 .comment       0x000000000000004c       0x4d _build/nrf52833_xxaa/app_error_weak.c.o
 .comment       0x000000000000004c       0x4d _build/nrf52833_xxaa/app_fifo.c.o
 .comment       0x000000000000004c       0x4d _build/nrf52833_xxaa/app_uart_fifo.c.o
 .comment       0x000000000000004c       0x4d _build/nrf52833_xxaa/app_util_platform.c.o
 .comment       0x000000000000004c       0x4d _build/nrf52833_xxaa/nrf_drv_uart.c.o
 .comment       0x000000000000004c       0x4d _build/nrf52833_xxaa/nrfx_prs.c.o
 .comment       0x000000000000004c       0x4d _build/nrf52833_xxaa/nrfx_uart.c.o
 .comment       0x000000000000004c       0x4d _build/nrf52833_xxaa/nrfx_uarte.c.o
 .comment       0x000000000000004c       0x4d _build/nrf52833_xxaa/main.c.o
 .comment       0x000000000000004c       0x4d _build/nrf52833_xxaa/system_nrf52833.c.o
 .comment       0x000000000000004c       0x4d _build/nrf52833_xxaa/timer.c.o

.debug_line     0x0000000000000000     0x9510
 .debug_line    0x0000000000000000       0x89 _build/nrf52833_xxaa/gcc_startup_nrf52833.S.o
 .debug_line    0x0000000000000089      0x5a5 _build/nrf52833_xxaa/app_error.c.o
 .debug_line    0x000000000000062e      0x782 _build/nrf52833_xxaa/app_error_weak.c.o
 .debug_line    0x0000000000000db0      0x920 _build/nrf52833_xxaa/app_fifo.c.o
 .debug_line    0x00000000000016d0      0xdc0 _build/nrf52833_xxaa/app_uart_fifo.c.o
 .debug_line    0x0000000000002490      0x671 _build/nrf52833_xxaa/app_util_platform.c.o
 .debug_line    0x0000000000002b01      0x844 _build/nrf52833_xxaa/nrf_drv_uart.c.o
 .debug_line    0x0000000000003345      0x8de _build/nrf52833_xxaa/nrfx_prs.c.o
 .debug_line    0x0000000000003c23     0x1f13 _build/nrf52833_xxaa/nrfx_uart.c.o
 .debug_line    0x0000000000005b36     0x1eb5 _build/nrf52833_xxaa/nrfx_uarte.c.o
 .debug_line    0x00000000000079eb      0xf6c _build/nrf52833_xxaa/main.c.o
 .debug_line    0x0000000000008957      0x65a _build/nrf52833_xxaa/system_nrf52833.c.o
 .debug_line    0x0000000000008fb1      0x55f _build/nrf52833_xxaa/timer.c.o

.debug_info     0x0000000000000000    0x147fb
 .debug_info    0x0000000000000000       0x26 _build/nrf52833_xxaa/gcc_startup_nrf52833.S.o
 .debug_info    0x0000000000000026      0xb94 _build/nrf52833_xxaa/app_error.c.o
 .debug_info    0x0000000000000bba      0xf2e _build/nrf52833_xxaa/app_error_weak.c.o
 .debug_info    0x0000000000001ae8      0xfcd _build/nrf52833_xxaa/app_fifo.c.o
 .debug_info    0x0000000000002ab5     0x2198 _build/nrf52833_xxaa/app_uart_fifo.c.o
 .debug_info    0x0000000000004c4d     0x10d9 _build/nrf52833_xxaa/app_util_platform.c.o
 .debug_info    0x0000000000005d26     0x1abe _build/nrf52833_xxaa/nrf_drv_uart.c.o
 .debug_info    0x00000000000077e4     0x119c _build/nrf52833_xxaa/nrfx_prs.c.o
 .debug_info    0x0000000000008980     0x42a2 _build/nrf52833_xxaa/nrfx_uart.c.o
 .debug_info    0x000000000000cc22     0x4230 _build/nrf52833_xxaa/nrfx_uarte.c.o
 .debug_info    0x0000000000010e52     0x2351 _build/nrf52833_xxaa/main.c.o
 .debug_info    0x00000000000131a3     0x12b4 _build/nrf52833_xxaa/system_nrf52833.c.o
 .debug_info    0x0000000000014457      0x3a4 _build/nrf52833_xxaa/timer.c.o

.debug_abbrev   0x0000000000000000     0x2915
 .debug_abbrev  0x0000000000000000       0x14 _build/nrf52833_xxaa/gcc_startup_nrf52833.S.o
 .debug_abbrev  0x0000000000000014      0x276 _build/nrf52833_xxaa/app_error.c.o
 .debug_abbrev  0x000000000000028a      0x2c6 _build/nrf52833_xxaa/app_error_weak.c.o
 .debug_abbrev  0x0000000000000550      0x2d1 _build/nrf52833_xxaa/app_fifo.c.o
 .debug_abbrev  0x0000000000000821      0x416 _build/nrf52833_xxaa/app_uart_fifo.c.o
 .debug_abbrev  0x0000000000000c37      0x37a _build/nrf52833_xxaa/app_util_platform.c.o
 .debug_abbrev  0x0000000000000fb1      0x2da _build/nrf52833_xxaa/nrf_drv_uart.c.o
 .debug_abbrev  0x000000000000128b      0x34c _build/nrf52833_xxaa/nrfx_prs.c.o
 .debug_abbrev  0x00000000000015d7      0x58e _build/nrf52833_xxaa/nrfx_uart.c.o
 .debug_abbrev  0x0000000000001b65      0x562 _build/nrf52833_xxaa/nrfx_uarte.c.o
 .debug_abbrev  0x00000000000020c7      0x49e _build/nrf52833_xxaa/main.c.o
 .debug_abbrev  0x0000000000002565      0x248 _build/nrf52833_xxaa/system_nrf52833.c.o
 .debug_abbrev  0x00000000000027ad      0x168 _build/nrf52833_xxaa/timer.c.o

.debug_aranges  0x0000000000000000      0x388
 .debug_aranges
                0x0000000000000000       0x20 _build/nrf52833_xxaa/gcc_startup_nrf52833.S.o
 .debug_aranges
                0x0000000000000020       0x28 _build/nrf52833_xxaa/app_error.c.o
 .debug_aranges
                0x0000000000000048       0x20 _build/nrf52833_xxaa/app_error_weak.c.o
 .debug_aranges
                0x0000000000000068       0x50 _build/nrf52833_xxaa/app_fifo.c.o
 .debug_aranges
                0x00000000000000b8       0x48 _build/nrf52833_xxaa/app_uart_fifo.c.o
 .debug_aranges
                0x0000000000000100       0x48 _build/nrf52833_xxaa/app_util_platform.c.o
 .debug_aranges
                0x0000000000000148       0x30 _build/nrf52833_xxaa/nrf_drv_uart.c.o
 .debug_aranges
                0x0000000000000178       0x30 _build/nrf52833_xxaa/nrfx_prs.c.o
 .debug_aranges
                0x00000000000001a8       0x78 _build/nrf52833_xxaa/nrfx_uart.c.o
 .debug_aranges
                0x0000000000000220       0x68 _build/nrf52833_xxaa/nrfx_uarte.c.o
 .debug_aranges
                0x0000000000000288       0x80 _build/nrf52833_xxaa/main.c.o
 .debug_aranges
                0x0000000000000308       0x28 _build/nrf52833_xxaa/system_nrf52833.c.o
 .debug_aranges
                0x0000000000000330       0x58 _build/nrf52833_xxaa/timer.c.o

.debug_str      0x0000000000000000    0x92246
 .debug_str     0x0000000000000000       0x97 _build/nrf52833_xxaa/gcc_startup_nrf52833.S.o
 .debug_str     0x0000000000000097    0x7c8a5 _build/nrf52833_xxaa/app_error.c.o
                                      0x7d6fb (size before relaxing)
 .debug_str     0x000000000007c93c     0xcead _build/nrf52833_xxaa/app_error_weak.c.o
                                      0x8a796 (size before relaxing)
 .debug_str     0x00000000000897e9      0x21e _build/nrf52833_xxaa/app_fifo.c.o
                                      0x86ddc (size before relaxing)
 .debug_str     0x0000000000089a07     0x43e9 _build/nrf52833_xxaa/app_uart_fifo.c.o
                                      0x8bfb4 (size before relaxing)
 .debug_str     0x000000000008ddf0      0x364 _build/nrf52833_xxaa/app_util_platform.c.o
                                      0x7df3e (size before relaxing)
 .debug_str     0x000000000008e154      0x481 _build/nrf52833_xxaa/nrf_drv_uart.c.o
                                      0x8b690 (size before relaxing)
 .debug_str     0x000000000008e5d5      0x652 _build/nrf52833_xxaa/nrfx_prs.c.o
                                      0x8d771 (size before relaxing)
 .debug_str     0x000000000008ec27      0xac1 _build/nrf52833_xxaa/nrfx_uart.c.o
                                      0x8e95c (size before relaxing)
 .debug_str     0x000000000008f6e8      0x94b _build/nrf52833_xxaa/nrfx_uarte.c.o
                                      0x8edf0 (size before relaxing)
 .debug_str     0x0000000000090033     0x1dba _build/nrf52833_xxaa/main.c.o
                                      0x8cbad (size before relaxing)
 .debug_str     0x0000000000091ded      0x3b7 _build/nrf52833_xxaa/system_nrf52833.c.o
                                      0x792bc (size before relaxing)
 .debug_str     0x00000000000921a4       0xa2 _build/nrf52833_xxaa/timer.c.o
                                      0x78e1c (size before relaxing)

.debug_loc      0x0000000000000000     0x58cc
 .debug_loc     0x0000000000000000       0xc8 _build/nrf52833_xxaa/app_error.c.o
 .debug_loc     0x00000000000000c8       0x4a _build/nrf52833_xxaa/app_error_weak.c.o
 .debug_loc     0x0000000000000112      0x783 _build/nrf52833_xxaa/app_fifo.c.o
 .debug_loc     0x0000000000000895      0x96e _build/nrf52833_xxaa/app_uart_fifo.c.o
 .debug_loc     0x0000000000001203      0x11a _build/nrf52833_xxaa/app_util_platform.c.o
 .debug_loc     0x000000000000131d      0x1d6 _build/nrf52833_xxaa/nrf_drv_uart.c.o
 .debug_loc     0x00000000000014f3      0x10e _build/nrf52833_xxaa/nrfx_prs.c.o
 .debug_loc     0x0000000000001601     0x203e _build/nrf52833_xxaa/nrfx_uart.c.o
 .debug_loc     0x000000000000363f     0x2033 _build/nrf52833_xxaa/nrfx_uarte.c.o
 .debug_loc     0x0000000000005672      0x194 _build/nrf52833_xxaa/main.c.o
 .debug_loc     0x0000000000005806       0xb1 _build/nrf52833_xxaa/system_nrf52833.c.o
 .debug_loc     0x00000000000058b7       0x15 _build/nrf52833_xxaa/timer.c.o

.debug_ranges   0x0000000000000000     0x1260
 .debug_ranges  0x0000000000000000       0x18 _build/nrf52833_xxaa/app_error.c.o
 .debug_ranges  0x0000000000000018       0x10 _build/nrf52833_xxaa/app_error_weak.c.o
 .debug_ranges  0x0000000000000028      0x160 _build/nrf52833_xxaa/app_fifo.c.o
 .debug_ranges  0x0000000000000188      0x158 _build/nrf52833_xxaa/app_uart_fifo.c.o
 .debug_ranges  0x00000000000002e0       0x38 _build/nrf52833_xxaa/app_util_platform.c.o
 .debug_ranges  0x0000000000000318       0x20 _build/nrf52833_xxaa/nrf_drv_uart.c.o
 .debug_ranges  0x0000000000000338       0x38 _build/nrf52833_xxaa/nrfx_prs.c.o
 .debug_ranges  0x0000000000000370      0x6b8 _build/nrf52833_xxaa/nrfx_uart.c.o
 .debug_ranges  0x0000000000000a28      0x680 _build/nrf52833_xxaa/nrfx_uarte.c.o
 .debug_ranges  0x00000000000010a8      0x158 _build/nrf52833_xxaa/main.c.o
 .debug_ranges  0x0000000000001200       0x18 _build/nrf52833_xxaa/system_nrf52833.c.o
 .debug_ranges  0x0000000000001218       0x48 _build/nrf52833_xxaa/timer.c.o

.debug_macro    0x0000000000000000     0x2d7d
 .debug_macro   0x0000000000000000      0x21d _build/nrf52833_xxaa/app_error.c.o
 .debug_macro   0x000000000000021d       0x97 _build/nrf52833_xxaa/app_error.c.o
 .debug_macro   0x00000000000002b4       0xf6 _build/nrf52833_xxaa/app_error.c.o
 .debug_macro   0x00000000000003aa      0x312 _build/nrf52833_xxaa/app_error_weak.c.o
 .debug_macro   0x00000000000006bc       0xfb _build/nrf52833_xxaa/app_error_weak.c.o
 .debug_macro   0x00000000000007b7       0x16 _build/nrf52833_xxaa/app_error_weak.c.o
 .debug_macro   0x00000000000007cd       0x31 _build/nrf52833_xxaa/app_error_weak.c.o
 .debug_macro   0x00000000000007fe       0x16 _build/nrf52833_xxaa/app_error_weak.c.o
 .debug_macro   0x0000000000000814       0x55 _build/nrf52833_xxaa/app_error_weak.c.o
 .debug_macro   0x0000000000000869      0x17f _build/nrf52833_xxaa/app_error_weak.c.o
 .debug_macro   0x00000000000009e8       0x9a _build/nrf52833_xxaa/app_error_weak.c.o
 .debug_macro   0x0000000000000a82       0x28 _build/nrf52833_xxaa/app_error_weak.c.o
 .debug_macro   0x0000000000000aaa       0x23 _build/nrf52833_xxaa/app_error_weak.c.o
 .debug_macro   0x0000000000000acd       0x1c _build/nrf52833_xxaa/app_error_weak.c.o
 .debug_macro   0x0000000000000ae9       0x92 _build/nrf52833_xxaa/app_error_weak.c.o
 .debug_macro   0x0000000000000b7b      0x24c _build/nrf52833_xxaa/app_fifo.c.o
 .debug_macro   0x0000000000000dc7       0x16 _build/nrf52833_xxaa/app_fifo.c.o
 .debug_macro   0x0000000000000ddd       0x22 _build/nrf52833_xxaa/app_fifo.c.o
 .debug_macro   0x0000000000000dff      0x3e7 _build/nrf52833_xxaa/app_uart_fifo.c.o
 .debug_macro   0x00000000000011e6       0x18 _build/nrf52833_xxaa/app_uart_fifo.c.o
 .debug_macro   0x00000000000011fe       0x10 _build/nrf52833_xxaa/app_uart_fifo.c.o
 .debug_macro   0x000000000000120e       0x10 _build/nrf52833_xxaa/app_uart_fifo.c.o
 .debug_macro   0x000000000000121e       0x10 _build/nrf52833_xxaa/app_uart_fifo.c.o
 .debug_macro   0x000000000000122e       0x10 _build/nrf52833_xxaa/app_uart_fifo.c.o
 .debug_macro   0x000000000000123e       0x10 _build/nrf52833_xxaa/app_uart_fifo.c.o
 .debug_macro   0x000000000000124e       0x3f _build/nrf52833_xxaa/app_uart_fifo.c.o
 .debug_macro   0x000000000000128d      0x239 _build/nrf52833_xxaa/app_util_platform.c.o
 .debug_macro   0x00000000000014c6       0xe9 _build/nrf52833_xxaa/app_util_platform.c.o
 .debug_macro   0x00000000000015af      0x367 _build/nrf52833_xxaa/nrf_drv_uart.c.o
 .debug_macro   0x0000000000001916      0x3ca _build/nrf52833_xxaa/nrfx_prs.c.o
 .debug_macro   0x0000000000001ce0       0x28 _build/nrf52833_xxaa/nrfx_prs.c.o
 .debug_macro   0x0000000000001d08       0x1c _build/nrf52833_xxaa/nrfx_prs.c.o
 .debug_macro   0x0000000000001d24       0x37 _build/nrf52833_xxaa/nrfx_prs.c.o
 .debug_macro   0x0000000000001d5b       0x10 _build/nrf52833_xxaa/nrfx_prs.c.o
 .debug_macro   0x0000000000001d6b      0x179 _build/nrf52833_xxaa/nrfx_prs.c.o
 .debug_macro   0x0000000000001ee4       0x42 _build/nrf52833_xxaa/nrfx_prs.c.o
 .debug_macro   0x0000000000001f26      0x3e5 _build/nrf52833_xxaa/nrfx_uart.c.o
 .debug_macro   0x000000000000230b       0x22 _build/nrf52833_xxaa/nrfx_uart.c.o
 .debug_macro   0x000000000000232d      0x403 _build/nrf52833_xxaa/nrfx_uarte.c.o
 .debug_macro   0x0000000000002730      0x3e2 _build/nrf52833_xxaa/main.c.o
 .debug_macro   0x0000000000002b12       0x16 _build/nrf52833_xxaa/main.c.o
 .debug_macro   0x0000000000002b28      0x132 _build/nrf52833_xxaa/system_nrf52833.c.o
 .debug_macro   0x0000000000002c5a      0x113 _build/nrf52833_xxaa/timer.c.o
 .debug_macro   0x0000000000002d6d       0x10 _build/nrf52833_xxaa/timer.c.o

.debug_frame    0x0000000000000000      0x96c
 .debug_frame   0x0000000000000000       0x54 _build/nrf52833_xxaa/app_error.c.o
 .debug_frame   0x0000000000000054       0x20 _build/nrf52833_xxaa/app_error_weak.c.o
 .debug_frame   0x0000000000000074      0x110 _build/nrf52833_xxaa/app_fifo.c.o
 .debug_frame   0x0000000000000184       0xec _build/nrf52833_xxaa/app_uart_fifo.c.o
 .debug_frame   0x0000000000000270       0x70 _build/nrf52833_xxaa/app_util_platform.c.o
 .debug_frame   0x00000000000002e0       0x80 _build/nrf52833_xxaa/nrf_drv_uart.c.o
 .debug_frame   0x0000000000000360       0x4c _build/nrf52833_xxaa/nrfx_prs.c.o
 .debug_frame   0x00000000000003ac      0x18c _build/nrf52833_xxaa/nrfx_uart.c.o
 .debug_frame   0x0000000000000538      0x19c _build/nrf52833_xxaa/nrfx_uarte.c.o
 .debug_frame   0x00000000000006d4      0x12c _build/nrf52833_xxaa/main.c.o
 .debug_frame   0x0000000000000800       0x30 _build/nrf52833_xxaa/system_nrf52833.c.o
 .debug_frame   0x0000000000000830       0xa8 _build/nrf52833_xxaa/timer.c.o
 .debug_frame   0x00000000000008d8       0x28 /home/raymond/gcc-arm-none-eabi-9-2020-q2-update/bin/../lib/gcc/arm-none-eabi/9.3.1/../../../../arm-none-eabi/lib/thumb/v7e-m+fp/hard/libc_nano.a(lib_a-exit.o)
 .debug_frame   0x0000000000000900       0x2c /home/raymond/gcc-arm-none-eabi-9-2020-q2-update/bin/../lib/gcc/arm-none-eabi/9.3.1/../../../../arm-none-eabi/lib/thumb/v7e-m+fp/hard/libc_nano.a(lib_a-init.o)
 .debug_frame   0x000000000000092c       0x20 /home/raymond/gcc-arm-none-eabi-9-2020-q2-update/bin/../lib/gcc/arm-none-eabi/9.3.1/../../../../arm-none-eabi/lib/thumb/v7e-m+fp/hard/libc_nano.a(lib_a-memset.o)
 .debug_frame   0x000000000000094c       0x20 /home/raymond/gcc-arm-none-eabi-9-2020-q2-update/bin/../lib/gcc/arm-none-eabi/9.3.1/../../../../arm-none-eabi/lib/thumb/v7e-m+fp/hard/libnosys.a(_exit.o)
